<?xml version="1.0"?>
<link_info>
   <banner>MSP430 Linker Unix v4.4.4</banner>
   <copyright>Copyright (c) 2003-2015 Texas Instruments Incorporated</copyright>
   <link_time>0x56511faf</link_time>
   <link_errors>0x0</link_errors>
   <output_file>Ti_SigFox_SDK_Demo_v1_3_3_1 HACKATHON.out</output_file>
   <entry_point>
      <name>_c_int00_noargs</name>
      <address>0x4548</address>
   </entry_point>
   <input_file_list>
      <input_file id="fl-2">
         <path>./manufacturer_api/</path>
         <kind>object</kind>
         <file>manufacturer_api.obj</file>
         <name>manufacturer_api.obj</name>
      </input_file>
      <input_file id="fl-3">
         <path>./driverlib/MSP430F5xx_6xx/</path>
         <kind>object</kind>
         <file>adc10_a.obj</file>
         <name>adc10_a.obj</name>
      </input_file>
      <input_file id="fl-4">
         <path>./driverlib/MSP430F5xx_6xx/</path>
         <kind>object</kind>
         <file>adc12_a.obj</file>
         <name>adc12_a.obj</name>
      </input_file>
      <input_file id="fl-5">
         <path>./driverlib/MSP430F5xx_6xx/</path>
         <kind>object</kind>
         <file>aes.obj</file>
         <name>aes.obj</name>
      </input_file>
      <input_file id="fl-6">
         <path>./driverlib/MSP430F5xx_6xx/</path>
         <kind>object</kind>
         <file>battbak.obj</file>
         <name>battbak.obj</name>
      </input_file>
      <input_file id="fl-7">
         <path>./driverlib/MSP430F5xx_6xx/</path>
         <kind>object</kind>
         <file>comp_b.obj</file>
         <name>comp_b.obj</name>
      </input_file>
      <input_file id="fl-8">
         <path>./driverlib/MSP430F5xx_6xx/</path>
         <kind>object</kind>
         <file>crc.obj</file>
         <name>crc.obj</name>
      </input_file>
      <input_file id="fl-9">
         <path>./driverlib/MSP430F5xx_6xx/</path>
         <kind>object</kind>
         <file>ctsd16.obj</file>
         <name>ctsd16.obj</name>
      </input_file>
      <input_file id="fl-a">
         <path>./driverlib/MSP430F5xx_6xx/</path>
         <kind>object</kind>
         <file>dac12_a.obj</file>
         <name>dac12_a.obj</name>
      </input_file>
      <input_file id="fl-b">
         <path>./driverlib/MSP430F5xx_6xx/</path>
         <kind>object</kind>
         <file>dma.obj</file>
         <name>dma.obj</name>
      </input_file>
      <input_file id="fl-c">
         <path>./driverlib/MSP430F5xx_6xx/</path>
         <kind>object</kind>
         <file>eusci_a_spi.obj</file>
         <name>eusci_a_spi.obj</name>
      </input_file>
      <input_file id="fl-d">
         <path>./driverlib/MSP430F5xx_6xx/</path>
         <kind>object</kind>
         <file>eusci_a_uart.obj</file>
         <name>eusci_a_uart.obj</name>
      </input_file>
      <input_file id="fl-e">
         <path>./driverlib/MSP430F5xx_6xx/</path>
         <kind>object</kind>
         <file>eusci_b_i2c.obj</file>
         <name>eusci_b_i2c.obj</name>
      </input_file>
      <input_file id="fl-f">
         <path>./driverlib/MSP430F5xx_6xx/</path>
         <kind>object</kind>
         <file>eusci_b_spi.obj</file>
         <name>eusci_b_spi.obj</name>
      </input_file>
      <input_file id="fl-10">
         <path>./driverlib/MSP430F5xx_6xx/</path>
         <kind>object</kind>
         <file>flashctl.obj</file>
         <name>flashctl.obj</name>
      </input_file>
      <input_file id="fl-11">
         <path>./driverlib/MSP430F5xx_6xx/</path>
         <kind>object</kind>
         <file>gpio.obj</file>
         <name>gpio.obj</name>
      </input_file>
      <input_file id="fl-12">
         <path>./driverlib/MSP430F5xx_6xx/</path>
         <kind>object</kind>
         <file>lcd_b.obj</file>
         <name>lcd_b.obj</name>
      </input_file>
      <input_file id="fl-13">
         <path>./driverlib/MSP430F5xx_6xx/</path>
         <kind>object</kind>
         <file>ldopwr.obj</file>
         <name>ldopwr.obj</name>
      </input_file>
      <input_file id="fl-14">
         <path>./driverlib/MSP430F5xx_6xx/</path>
         <kind>object</kind>
         <file>mpy32.obj</file>
         <name>mpy32.obj</name>
      </input_file>
      <input_file id="fl-15">
         <path>./driverlib/MSP430F5xx_6xx/</path>
         <kind>object</kind>
         <file>oa.obj</file>
         <name>oa.obj</name>
      </input_file>
      <input_file id="fl-16">
         <path>./driverlib/MSP430F5xx_6xx/</path>
         <kind>object</kind>
         <file>pmap.obj</file>
         <name>pmap.obj</name>
      </input_file>
      <input_file id="fl-17">
         <path>./driverlib/MSP430F5xx_6xx/</path>
         <kind>object</kind>
         <file>pmm.obj</file>
         <name>pmm.obj</name>
      </input_file>
      <input_file id="fl-18">
         <path>./driverlib/MSP430F5xx_6xx/</path>
         <kind>object</kind>
         <file>ram.obj</file>
         <name>ram.obj</name>
      </input_file>
      <input_file id="fl-19">
         <path>./driverlib/MSP430F5xx_6xx/</path>
         <kind>object</kind>
         <file>ref.obj</file>
         <name>ref.obj</name>
      </input_file>
      <input_file id="fl-1a">
         <path>./driverlib/MSP430F5xx_6xx/</path>
         <kind>object</kind>
         <file>rtc_a.obj</file>
         <name>rtc_a.obj</name>
      </input_file>
      <input_file id="fl-1b">
         <path>./driverlib/MSP430F5xx_6xx/</path>
         <kind>object</kind>
         <file>rtc_b.obj</file>
         <name>rtc_b.obj</name>
      </input_file>
      <input_file id="fl-1c">
         <path>./driverlib/MSP430F5xx_6xx/</path>
         <kind>object</kind>
         <file>rtc_c.obj</file>
         <name>rtc_c.obj</name>
      </input_file>
      <input_file id="fl-1d">
         <path>./driverlib/MSP430F5xx_6xx/</path>
         <kind>object</kind>
         <file>sd24_b.obj</file>
         <name>sd24_b.obj</name>
      </input_file>
      <input_file id="fl-1e">
         <path>./driverlib/MSP430F5xx_6xx/</path>
         <kind>object</kind>
         <file>sfr.obj</file>
         <name>sfr.obj</name>
      </input_file>
      <input_file id="fl-1f">
         <path>./driverlib/MSP430F5xx_6xx/</path>
         <kind>object</kind>
         <file>sysctl.obj</file>
         <name>sysctl.obj</name>
      </input_file>
      <input_file id="fl-20">
         <path>./driverlib/MSP430F5xx_6xx/</path>
         <kind>object</kind>
         <file>tec.obj</file>
         <name>tec.obj</name>
      </input_file>
      <input_file id="fl-21">
         <path>./driverlib/MSP430F5xx_6xx/</path>
         <kind>object</kind>
         <file>timer_a.obj</file>
         <name>timer_a.obj</name>
      </input_file>
      <input_file id="fl-22">
         <path>./driverlib/MSP430F5xx_6xx/</path>
         <kind>object</kind>
         <file>timer_b.obj</file>
         <name>timer_b.obj</name>
      </input_file>
      <input_file id="fl-23">
         <path>./driverlib/MSP430F5xx_6xx/</path>
         <kind>object</kind>
         <file>timer_d.obj</file>
         <name>timer_d.obj</name>
      </input_file>
      <input_file id="fl-24">
         <path>./driverlib/MSP430F5xx_6xx/</path>
         <kind>object</kind>
         <file>tlv.obj</file>
         <name>tlv.obj</name>
      </input_file>
      <input_file id="fl-25">
         <path>./driverlib/MSP430F5xx_6xx/</path>
         <kind>object</kind>
         <file>ucs.obj</file>
         <name>ucs.obj</name>
      </input_file>
      <input_file id="fl-26">
         <path>./driverlib/MSP430F5xx_6xx/</path>
         <kind>object</kind>
         <file>usci_a_spi.obj</file>
         <name>usci_a_spi.obj</name>
      </input_file>
      <input_file id="fl-27">
         <path>./driverlib/MSP430F5xx_6xx/</path>
         <kind>object</kind>
         <file>usci_a_uart.obj</file>
         <name>usci_a_uart.obj</name>
      </input_file>
      <input_file id="fl-28">
         <path>./driverlib/MSP430F5xx_6xx/</path>
         <kind>object</kind>
         <file>usci_b_i2c.obj</file>
         <name>usci_b_i2c.obj</name>
      </input_file>
      <input_file id="fl-29">
         <path>./driverlib/MSP430F5xx_6xx/</path>
         <kind>object</kind>
         <file>usci_b_spi.obj</file>
         <name>usci_b_spi.obj</name>
      </input_file>
      <input_file id="fl-2a">
         <path>./driverlib/MSP430F5xx_6xx/</path>
         <kind>object</kind>
         <file>wdt_a.obj</file>
         <name>wdt_a.obj</name>
      </input_file>
      <input_file id="fl-2b">
         <path>./components/timer/</path>
         <kind>object</kind>
         <file>timer.obj</file>
         <name>timer.obj</name>
      </input_file>
      <input_file id="fl-2c">
         <path>./components/targets/trxeb_msp430f5438a/</path>
         <kind>object</kind>
         <file>hal_spi_rf_trxeb.obj</file>
         <name>hal_spi_rf_trxeb.obj</name>
      </input_file>
      <input_file id="fl-2d">
         <path>./components/radio/</path>
         <kind>object</kind>
         <file>radio.obj</file>
         <name>radio.obj</name>
      </input_file>
      <input_file id="fl-2e">
         <path>./components/radio/</path>
         <kind>object</kind>
         <file>transmission.obj</file>
         <name>transmission.obj</name>
      </input_file>
      <input_file id="fl-2f">
         <path>./components/nvm/</path>
         <kind>object</kind>
         <file>flash_drv.obj</file>
         <name>flash_drv.obj</name>
      </input_file>
      <input_file id="fl-30">
         <path>./components/lcd/</path>
         <kind>object</kind>
         <file>lcd_dogm128_6.obj</file>
         <name>lcd_dogm128_6.obj</name>
      </input_file>
      <input_file id="fl-31">
         <path>./components/lcd/</path>
         <kind>object</kind>
         <file>lcd_dogm128_6_alphabet.obj</file>
         <name>lcd_dogm128_6_alphabet.obj</name>
      </input_file>
      <input_file id="fl-32">
         <path>./components/lcd/</path>
         <kind>object</kind>
         <file>lcd_trxeb.obj</file>
         <name>lcd_trxeb.obj</name>
      </input_file>
      <input_file id="fl-33">
         <path>./components/interrupt/</path>
         <kind>object</kind>
         <file>trx_rf_int.obj</file>
         <name>trx_rf_int.obj</name>
      </input_file>
      <input_file id="fl-34">
         <path>./components/hostcmd/</path>
         <kind>object</kind>
         <file>circ_buf.obj</file>
         <name>circ_buf.obj</name>
      </input_file>
      <input_file id="fl-35">
         <path>./components/hostcmd/</path>
         <kind>object</kind>
         <file>host_cmd.obj</file>
         <name>host_cmd.obj</name>
      </input_file>
      <input_file id="fl-36">
         <path>./components/hostcmd/</path>
         <kind>object</kind>
         <file>uart_drv.obj</file>
         <name>uart_drv.obj</name>
      </input_file>
      <input_file id="fl-37">
         <path>./components/devices/cc112x/</path>
         <kind>object</kind>
         <file>cc112x_spi.obj</file>
         <name>cc112x_spi.obj</name>
      </input_file>
      <input_file id="fl-38">
         <path>./components/common/</path>
         <kind>object</kind>
         <file>hal_digio2.obj</file>
         <name>hal_digio2.obj</name>
      </input_file>
      <input_file id="fl-39">
         <path>./components/common/</path>
         <kind>object</kind>
         <file>hal_int.obj</file>
         <name>hal_int.obj</name>
      </input_file>
      <input_file id="fl-3a">
         <path>./components/bsp/</path>
         <kind>object</kind>
         <file>bsp.obj</file>
         <name>bsp.obj</name>
      </input_file>
      <input_file id="fl-3b">
         <path>./components/bsp/</path>
         <kind>object</kind>
         <file>bsp_key.obj</file>
         <name>bsp_key.obj</name>
      </input_file>
      <input_file id="fl-3c">
         <path>./components/bsp/</path>
         <kind>object</kind>
         <file>bsp_led.obj</file>
         <name>bsp_led.obj</name>
      </input_file>
      <input_file id="fl-3d">
         <path>./components/aes/</path>
         <kind>object</kind>
         <file>ti_aes_128.obj</file>
         <name>ti_aes_128.obj</name>
      </input_file>
      <input_file id="fl-3e">
         <path>./apps/</path>
         <kind>object</kind>
         <file>sigfox_demo.obj</file>
         <name>sigfox_demo.obj</name>
      </input_file>
      <input_file id="fl-47">
         <path>../sigfox_library_api/</path>
         <kind>archive</kind>
         <file>libsigfox.lib</file>
         <name>sigfox_frame.obj</name>
      </input_file>
      <input_file id="fl-48">
         <path>../sigfox_library_api/</path>
         <kind>archive</kind>
         <file>libsigfox.lib</file>
         <name>sigfox_hmac.obj</name>
      </input_file>
      <input_file id="fl-49">
         <path>../sigfox_library_api/</path>
         <kind>archive</kind>
         <file>libsigfox.lib</file>
         <name>sigfox_scramb.obj</name>
      </input_file>
      <input_file id="fl-4a">
         <path>../sigfox_library_api/</path>
         <kind>archive</kind>
         <file>libsigfox.lib</file>
         <name>sigfox_Pn9.obj</name>
      </input_file>
      <input_file id="fl-4b">
         <path>../sigfox_library_api/</path>
         <kind>archive</kind>
         <file>libsigfox.lib</file>
         <name>sigfox_crc.obj</name>
      </input_file>
      <input_file id="fl-4c">
         <path>../sigfox_library_api/</path>
         <kind>archive</kind>
         <file>libsigfox.lib</file>
         <name>sigfox_decode.obj</name>
      </input_file>
      <input_file id="fl-4d">
         <path>../sigfox_library_api/</path>
         <kind>archive</kind>
         <file>libsigfox.lib</file>
         <name>sigfox_bch.obj</name>
      </input_file>
      <input_file id="fl-7c">
         <path>/Applications/ti/ccsv6/tools/compiler/ti-cgt-msp430_4.4.4/lib/</path>
         <kind>archive</kind>
         <file>rts430x_lc_rd_eabi.lib</file>
         <name>asr16.obj</name>
      </input_file>
      <input_file id="fl-7d">
         <path>/Applications/ti/ccsv6/tools/compiler/ti-cgt-msp430_4.4.4/lib/</path>
         <kind>archive</kind>
         <file>rts430x_lc_rd_eabi.lib</file>
         <name>assert.obj</name>
      </input_file>
      <input_file id="fl-7e">
         <path>/Applications/ti/ccsv6/tools/compiler/ti-cgt-msp430_4.4.4/lib/</path>
         <kind>archive</kind>
         <file>rts430x_lc_rd_eabi.lib</file>
         <name>boot.obj</name>
      </input_file>
      <input_file id="fl-7f">
         <path>/Applications/ti/ccsv6/tools/compiler/ti-cgt-msp430_4.4.4/lib/</path>
         <kind>archive</kind>
         <file>rts430x_lc_rd_eabi.lib</file>
         <name>boot_special.obj</name>
      </input_file>
      <input_file id="fl-80">
         <path>/Applications/ti/ccsv6/tools/compiler/ti-cgt-msp430_4.4.4/lib/</path>
         <kind>archive</kind>
         <file>rts430x_lc_rd_eabi.lib</file>
         <name>copy_decompress_none.obj</name>
      </input_file>
      <input_file id="fl-81">
         <path>/Applications/ti/ccsv6/tools/compiler/ti-cgt-msp430_4.4.4/lib/</path>
         <kind>archive</kind>
         <file>rts430x_lc_rd_eabi.lib</file>
         <name>copy_decompress_rle.obj</name>
      </input_file>
      <input_file id="fl-82">
         <path>/Applications/ti/ccsv6/tools/compiler/ti-cgt-msp430_4.4.4/lib/</path>
         <kind>archive</kind>
         <file>rts430x_lc_rd_eabi.lib</file>
         <name>copy_zero_init.obj</name>
      </input_file>
      <input_file id="fl-83">
         <path>/Applications/ti/ccsv6/tools/compiler/ti-cgt-msp430_4.4.4/lib/</path>
         <kind>archive</kind>
         <file>rts430x_lc_rd_eabi.lib</file>
         <name>cvtdf.obj</name>
      </input_file>
      <input_file id="fl-84">
         <path>/Applications/ti/ccsv6/tools/compiler/ti-cgt-msp430_4.4.4/lib/</path>
         <kind>archive</kind>
         <file>rts430x_lc_rd_eabi.lib</file>
         <name>cvtfd.obj</name>
      </input_file>
      <input_file id="fl-85">
         <path>/Applications/ti/ccsv6/tools/compiler/ti-cgt-msp430_4.4.4/lib/</path>
         <kind>archive</kind>
         <file>rts430x_lc_rd_eabi.lib</file>
         <name>defs.obj</name>
      </input_file>
      <input_file id="fl-86">
         <path>/Applications/ti/ccsv6/tools/compiler/ti-cgt-msp430_4.4.4/lib/</path>
         <kind>archive</kind>
         <file>rts430x_lc_rd_eabi.lib</file>
         <name>div16s.obj</name>
      </input_file>
      <input_file id="fl-87">
         <path>/Applications/ti/ccsv6/tools/compiler/ti-cgt-msp430_4.4.4/lib/</path>
         <kind>archive</kind>
         <file>rts430x_lc_rd_eabi.lib</file>
         <name>div16u.obj</name>
      </input_file>
      <input_file id="fl-88">
         <path>/Applications/ti/ccsv6/tools/compiler/ti-cgt-msp430_4.4.4/lib/</path>
         <kind>archive</kind>
         <file>rts430x_lc_rd_eabi.lib</file>
         <name>div32s.obj</name>
      </input_file>
      <input_file id="fl-89">
         <path>/Applications/ti/ccsv6/tools/compiler/ti-cgt-msp430_4.4.4/lib/</path>
         <kind>archive</kind>
         <file>rts430x_lc_rd_eabi.lib</file>
         <name>div32u.obj</name>
      </input_file>
      <input_file id="fl-8a">
         <path>/Applications/ti/ccsv6/tools/compiler/ti-cgt-msp430_4.4.4/lib/</path>
         <kind>archive</kind>
         <file>rts430x_lc_rd_eabi.lib</file>
         <name>exit.obj</name>
      </input_file>
      <input_file id="fl-8b">
         <path>/Applications/ti/ccsv6/tools/compiler/ti-cgt-msp430_4.4.4/lib/</path>
         <kind>archive</kind>
         <file>rts430x_lc_rd_eabi.lib</file>
         <name>exit_gvars.obj</name>
      </input_file>
      <input_file id="fl-8c">
         <path>/Applications/ti/ccsv6/tools/compiler/ti-cgt-msp430_4.4.4/lib/</path>
         <kind>archive</kind>
         <file>rts430x_lc_rd_eabi.lib</file>
         <name>fflush.obj</name>
      </input_file>
      <input_file id="fl-8d">
         <path>/Applications/ti/ccsv6/tools/compiler/ti-cgt-msp430_4.4.4/lib/</path>
         <kind>archive</kind>
         <file>rts430x_lc_rd_eabi.lib</file>
         <name>fixdul.obj</name>
      </input_file>
      <input_file id="fl-8e">
         <path>/Applications/ti/ccsv6/tools/compiler/ti-cgt-msp430_4.4.4/lib/</path>
         <kind>archive</kind>
         <file>rts430x_lc_rd_eabi.lib</file>
         <name>fltud.obj</name>
      </input_file>
      <input_file id="fl-8f">
         <path>/Applications/ti/ccsv6/tools/compiler/ti-cgt-msp430_4.4.4/lib/</path>
         <kind>archive</kind>
         <file>rts430x_lc_rd_eabi.lib</file>
         <name>fltuld.obj</name>
      </input_file>
      <input_file id="fl-90">
         <path>/Applications/ti/ccsv6/tools/compiler/ti-cgt-msp430_4.4.4/lib/</path>
         <kind>archive</kind>
         <file>rts430x_lc_rd_eabi.lib</file>
         <name>fputs.obj</name>
      </input_file>
      <input_file id="fl-91">
         <path>/Applications/ti/ccsv6/tools/compiler/ti-cgt-msp430_4.4.4/lib/</path>
         <kind>archive</kind>
         <file>rts430x_lc_rd_eabi.lib</file>
         <name>fs_cmp.obj</name>
      </input_file>
      <input_file id="fl-92">
         <path>/Applications/ti/ccsv6/tools/compiler/ti-cgt-msp430_4.4.4/lib/</path>
         <kind>archive</kind>
         <file>rts430x_lc_rd_eabi.lib</file>
         <name>fs_mpy.obj</name>
      </input_file>
      <input_file id="fl-93">
         <path>/Applications/ti/ccsv6/tools/compiler/ti-cgt-msp430_4.4.4/lib/</path>
         <kind>archive</kind>
         <file>rts430x_lc_rd_eabi.lib</file>
         <name>fs_tol.obj</name>
      </input_file>
      <input_file id="fl-94">
         <path>/Applications/ti/ccsv6/tools/compiler/ti-cgt-msp430_4.4.4/lib/</path>
         <kind>archive</kind>
         <file>rts430x_lc_rd_eabi.lib</file>
         <name>int41.obj</name>
      </input_file>
      <input_file id="fl-95">
         <path>/Applications/ti/ccsv6/tools/compiler/ti-cgt-msp430_4.4.4/lib/</path>
         <kind>archive</kind>
         <file>rts430x_lc_rd_eabi.lib</file>
         <name>int43.obj</name>
      </input_file>
      <input_file id="fl-96">
         <path>/Applications/ti/ccsv6/tools/compiler/ti-cgt-msp430_4.4.4/lib/</path>
         <kind>archive</kind>
         <file>rts430x_lc_rd_eabi.lib</file>
         <name>int44.obj</name>
      </input_file>
      <input_file id="fl-97">
         <path>/Applications/ti/ccsv6/tools/compiler/ti-cgt-msp430_4.4.4/lib/</path>
         <kind>archive</kind>
         <file>rts430x_lc_rd_eabi.lib</file>
         <name>int45.obj</name>
      </input_file>
      <input_file id="fl-98">
         <path>/Applications/ti/ccsv6/tools/compiler/ti-cgt-msp430_4.4.4/lib/</path>
         <kind>archive</kind>
         <file>rts430x_lc_rd_eabi.lib</file>
         <name>int48.obj</name>
      </input_file>
      <input_file id="fl-99">
         <path>/Applications/ti/ccsv6/tools/compiler/ti-cgt-msp430_4.4.4/lib/</path>
         <kind>archive</kind>
         <file>rts430x_lc_rd_eabi.lib</file>
         <name>int50.obj</name>
      </input_file>
      <input_file id="fl-9a">
         <path>/Applications/ti/ccsv6/tools/compiler/ti-cgt-msp430_4.4.4/lib/</path>
         <kind>archive</kind>
         <file>rts430x_lc_rd_eabi.lib</file>
         <name>int51.obj</name>
      </input_file>
      <input_file id="fl-9b">
         <path>/Applications/ti/ccsv6/tools/compiler/ti-cgt-msp430_4.4.4/lib/</path>
         <kind>archive</kind>
         <file>rts430x_lc_rd_eabi.lib</file>
         <name>int52.obj</name>
      </input_file>
      <input_file id="fl-9c">
         <path>/Applications/ti/ccsv6/tools/compiler/ti-cgt-msp430_4.4.4/lib/</path>
         <kind>archive</kind>
         <file>rts430x_lc_rd_eabi.lib</file>
         <name>int54.obj</name>
      </input_file>
      <input_file id="fl-9d">
         <path>/Applications/ti/ccsv6/tools/compiler/ti-cgt-msp430_4.4.4/lib/</path>
         <kind>archive</kind>
         <file>rts430x_lc_rd_eabi.lib</file>
         <name>int55.obj</name>
      </input_file>
      <input_file id="fl-9e">
         <path>/Applications/ti/ccsv6/tools/compiler/ti-cgt-msp430_4.4.4/lib/</path>
         <kind>archive</kind>
         <file>rts430x_lc_rd_eabi.lib</file>
         <name>int56.obj</name>
      </input_file>
      <input_file id="fl-9f">
         <path>/Applications/ti/ccsv6/tools/compiler/ti-cgt-msp430_4.4.4/lib/</path>
         <kind>archive</kind>
         <file>rts430x_lc_rd_eabi.lib</file>
         <name>int57.obj</name>
      </input_file>
      <input_file id="fl-a0">
         <path>/Applications/ti/ccsv6/tools/compiler/ti-cgt-msp430_4.4.4/lib/</path>
         <kind>archive</kind>
         <file>rts430x_lc_rd_eabi.lib</file>
         <name>int58.obj</name>
      </input_file>
      <input_file id="fl-a1">
         <path>/Applications/ti/ccsv6/tools/compiler/ti-cgt-msp430_4.4.4/lib/</path>
         <kind>archive</kind>
         <file>rts430x_lc_rd_eabi.lib</file>
         <name>int59.obj</name>
      </input_file>
      <input_file id="fl-a2">
         <path>/Applications/ti/ccsv6/tools/compiler/ti-cgt-msp430_4.4.4/lib/</path>
         <kind>archive</kind>
         <file>rts430x_lc_rd_eabi.lib</file>
         <name>int60.obj</name>
      </input_file>
      <input_file id="fl-a3">
         <path>/Applications/ti/ccsv6/tools/compiler/ti-cgt-msp430_4.4.4/lib/</path>
         <kind>archive</kind>
         <file>rts430x_lc_rd_eabi.lib</file>
         <name>int61.obj</name>
      </input_file>
      <input_file id="fl-a4">
         <path>/Applications/ti/ccsv6/tools/compiler/ti-cgt-msp430_4.4.4/lib/</path>
         <kind>archive</kind>
         <file>rts430x_lc_rd_eabi.lib</file>
         <name>int62.obj</name>
      </input_file>
      <input_file id="fl-a5">
         <path>/Applications/ti/ccsv6/tools/compiler/ti-cgt-msp430_4.4.4/lib/</path>
         <kind>archive</kind>
         <file>rts430x_lc_rd_eabi.lib</file>
         <name>isr_trap.obj</name>
      </input_file>
      <input_file id="fl-a6">
         <path>/Applications/ti/ccsv6/tools/compiler/ti-cgt-msp430_4.4.4/lib/</path>
         <kind>archive</kind>
         <file>rts430x_lc_rd_eabi.lib</file>
         <name>lowlev.obj</name>
      </input_file>
      <input_file id="fl-a7">
         <path>/Applications/ti/ccsv6/tools/compiler/ti-cgt-msp430_4.4.4/lib/</path>
         <kind>archive</kind>
         <file>rts430x_lc_rd_eabi.lib</file>
         <name>lsl16.obj</name>
      </input_file>
      <input_file id="fl-a8">
         <path>/Applications/ti/ccsv6/tools/compiler/ti-cgt-msp430_4.4.4/lib/</path>
         <kind>archive</kind>
         <file>rts430x_lc_rd_eabi.lib</file>
         <name>lsl32.obj</name>
      </input_file>
      <input_file id="fl-a9">
         <path>/Applications/ti/ccsv6/tools/compiler/ti-cgt-msp430_4.4.4/lib/</path>
         <kind>archive</kind>
         <file>rts430x_lc_rd_eabi.lib</file>
         <name>lsr16.obj</name>
      </input_file>
      <input_file id="fl-aa">
         <path>/Applications/ti/ccsv6/tools/compiler/ti-cgt-msp430_4.4.4/lib/</path>
         <kind>archive</kind>
         <file>rts430x_lc_rd_eabi.lib</file>
         <name>lsr32.obj</name>
      </input_file>
      <input_file id="fl-ab">
         <path>/Applications/ti/ccsv6/tools/compiler/ti-cgt-msp430_4.4.4/lib/</path>
         <kind>archive</kind>
         <file>rts430x_lc_rd_eabi.lib</file>
         <name>ltoa.obj</name>
      </input_file>
      <input_file id="fl-ac">
         <path>/Applications/ti/ccsv6/tools/compiler/ti-cgt-msp430_4.4.4/lib/</path>
         <kind>archive</kind>
         <file>rts430x_lc_rd_eabi.lib</file>
         <name>memchr.obj</name>
      </input_file>
      <input_file id="fl-ad">
         <path>/Applications/ti/ccsv6/tools/compiler/ti-cgt-msp430_4.4.4/lib/</path>
         <kind>archive</kind>
         <file>rts430x_lc_rd_eabi.lib</file>
         <name>memcpy.obj</name>
      </input_file>
      <input_file id="fl-ae">
         <path>/Applications/ti/ccsv6/tools/compiler/ti-cgt-msp430_4.4.4/lib/</path>
         <kind>archive</kind>
         <file>rts430x_lc_rd_eabi.lib</file>
         <name>memset.obj</name>
      </input_file>
      <input_file id="fl-af">
         <path>/Applications/ti/ccsv6/tools/compiler/ti-cgt-msp430_4.4.4/lib/</path>
         <kind>archive</kind>
         <file>rts430x_lc_rd_eabi.lib</file>
         <name>mpu_init.obj</name>
      </input_file>
      <input_file id="fl-b0">
         <path>/Applications/ti/ccsv6/tools/compiler/ti-cgt-msp430_4.4.4/lib/</path>
         <kind>archive</kind>
         <file>rts430x_lc_rd_eabi.lib</file>
         <name>mpyd.obj</name>
      </input_file>
      <input_file id="fl-b1">
         <path>/Applications/ti/ccsv6/tools/compiler/ti-cgt-msp430_4.4.4/lib/</path>
         <kind>archive</kind>
         <file>rts430x_lc_rd_eabi.lib</file>
         <name>mult16.obj</name>
      </input_file>
      <input_file id="fl-b2">
         <path>/Applications/ti/ccsv6/tools/compiler/ti-cgt-msp430_4.4.4/lib/</path>
         <kind>archive</kind>
         <file>rts430x_lc_rd_eabi.lib</file>
         <name>mult1632_f5hw.obj</name>
      </input_file>
      <input_file id="fl-b3">
         <path>/Applications/ti/ccsv6/tools/compiler/ti-cgt-msp430_4.4.4/lib/</path>
         <kind>archive</kind>
         <file>rts430x_lc_rd_eabi.lib</file>
         <name>mult16_f5hw.obj</name>
      </input_file>
      <input_file id="fl-b4">
         <path>/Applications/ti/ccsv6/tools/compiler/ti-cgt-msp430_4.4.4/lib/</path>
         <kind>archive</kind>
         <file>rts430x_lc_rd_eabi.lib</file>
         <name>mult32.obj</name>
      </input_file>
      <input_file id="fl-b5">
         <path>/Applications/ti/ccsv6/tools/compiler/ti-cgt-msp430_4.4.4/lib/</path>
         <kind>archive</kind>
         <file>rts430x_lc_rd_eabi.lib</file>
         <name>mult3264_f5hw.obj</name>
      </input_file>
      <input_file id="fl-b6">
         <path>/Applications/ti/ccsv6/tools/compiler/ti-cgt-msp430_4.4.4/lib/</path>
         <kind>archive</kind>
         <file>rts430x_lc_rd_eabi.lib</file>
         <name>mult32_f5hw.obj</name>
      </input_file>
      <input_file id="fl-b7">
         <path>/Applications/ti/ccsv6/tools/compiler/ti-cgt-msp430_4.4.4/lib/</path>
         <kind>archive</kind>
         <file>rts430x_lc_rd_eabi.lib</file>
         <name>mult64_f5hw.obj</name>
      </input_file>
      <input_file id="fl-b8">
         <path>/Applications/ti/ccsv6/tools/compiler/ti-cgt-msp430_4.4.4/lib/</path>
         <kind>archive</kind>
         <file>rts430x_lc_rd_eabi.lib</file>
         <name>pre_init.obj</name>
      </input_file>
      <input_file id="fl-b9">
         <path>/Applications/ti/ccsv6/tools/compiler/ti-cgt-msp430_4.4.4/lib/</path>
         <kind>archive</kind>
         <file>rts430x_lc_rd_eabi.lib</file>
         <name>printf.obj</name>
      </input_file>
      <input_file id="fl-ba">
         <path>/Applications/ti/ccsv6/tools/compiler/ti-cgt-msp430_4.4.4/lib/</path>
         <kind>archive</kind>
         <file>rts430x_lc_rd_eabi.lib</file>
         <name>strchr.obj</name>
      </input_file>
      <input_file id="fl-bb">
         <path>/Applications/ti/ccsv6/tools/compiler/ti-cgt-msp430_4.4.4/lib/</path>
         <kind>archive</kind>
         <file>rts430x_lc_rd_eabi.lib</file>
         <name>strcmp.obj</name>
      </input_file>
      <input_file id="fl-bc">
         <path>/Applications/ti/ccsv6/tools/compiler/ti-cgt-msp430_4.4.4/lib/</path>
         <kind>archive</kind>
         <file>rts430x_lc_rd_eabi.lib</file>
         <name>strlen.obj</name>
      </input_file>
      <input_file id="fl-bd">
         <path>/Applications/ti/ccsv6/tools/compiler/ti-cgt-msp430_4.4.4/lib/</path>
         <kind>archive</kind>
         <file>rts430x_lc_rd_eabi.lib</file>
         <name>strncpy.obj</name>
      </input_file>
      <input_file id="fl-be">
         <path>/Applications/ti/ccsv6/tools/compiler/ti-cgt-msp430_4.4.4/lib/</path>
         <kind>archive</kind>
         <file>rts430x_lc_rd_eabi.lib</file>
         <name>trgdrv.obj</name>
      </input_file>
      <input_file id="fl-bf">
         <path>/Applications/ti/ccsv6/tools/compiler/ti-cgt-msp430_4.4.4/lib/</path>
         <kind>archive</kind>
         <file>rts430x_lc_rd_eabi.lib</file>
         <name>trgmsg.obj</name>
      </input_file>
      <input_file id="fl-c0">
         <path>/Applications/ti/ccsv6/tools/compiler/ti-cgt-msp430_4.4.4/lib/</path>
         <kind>archive</kind>
         <file>rts430x_lc_rd_eabi.lib</file>
         <name>_io_perm.obj</name>
      </input_file>
      <input_file id="fl-c1">
         <path>/Applications/ti/ccsv6/tools/compiler/ti-cgt-msp430_4.4.4/lib/</path>
         <kind>archive</kind>
         <file>rts430x_lc_rd_eabi.lib</file>
         <name>_lock.obj</name>
      </input_file>
      <input_file id="fl-c2">
         <path>/Applications/ti/ccsv6/tools/compiler/ti-cgt-msp430_4.4.4/lib/</path>
         <kind>archive</kind>
         <file>rts430x_lc_rd_eabi.lib</file>
         <name>_printfi.obj</name>
      </input_file>
      <input_file id="fl-c3">
         <path>/Applications/ti/ccsv6/tools/compiler/ti-cgt-msp430_4.4.4/lib/</path>
         <kind>archive</kind>
         <file>rts430x_lc_rd_eabi.lib</file>
         <name>abs.obj</name>
      </input_file>
      <input_file id="fl-c4">
         <path>/Applications/ti/ccsv6/tools/compiler/ti-cgt-msp430_4.4.4/lib/</path>
         <kind>archive</kind>
         <file>rts430x_lc_rd_eabi.lib</file>
         <name>args_main.obj</name>
      </input_file>
      <input_file id="fl-c5">
         <path>/Applications/ti/ccsv6/tools/compiler/ti-cgt-msp430_4.4.4/lib/</path>
         <kind>archive</kind>
         <file>rts430x_lc_rd_eabi.lib</file>
         <name>asr32.obj</name>
      </input_file>
      <input_file id="fl-c6">
         <path>/Applications/ti/ccsv6/tools/compiler/ti-cgt-msp430_4.4.4/lib/</path>
         <kind>archive</kind>
         <file>rts430x_lc_rd_eabi.lib</file>
         <name>atoi.obj</name>
      </input_file>
      <input_file id="fl-c7">
         <path>/Applications/ti/ccsv6/tools/compiler/ti-cgt-msp430_4.4.4/lib/</path>
         <kind>archive</kind>
         <file>rts430x_lc_rd_eabi.lib</file>
         <name>autoinit_wdt.obj</name>
      </input_file>
      <input_file id="fl-c8">
         <path>/Applications/ti/ccsv6/tools/compiler/ti-cgt-msp430_4.4.4/lib/</path>
         <kind>archive</kind>
         <file>rts430x_lc_rd_eabi.lib</file>
         <name>cmpd.obj</name>
      </input_file>
      <input_file id="fl-c9">
         <path>/Applications/ti/ccsv6/tools/compiler/ti-cgt-msp430_4.4.4/lib/</path>
         <kind>archive</kind>
         <file>rts430x_lc_rd_eabi.lib</file>
         <name>ctype.obj</name>
      </input_file>
      <input_file id="fl-ca">
         <path>/Applications/ti/ccsv6/tools/compiler/ti-cgt-msp430_4.4.4/lib/</path>
         <kind>archive</kind>
         <file>rts430x_lc_rd_eabi.lib</file>
         <name>div64u.obj</name>
      </input_file>
      <input_file id="fl-cb">
         <path>/Applications/ti/ccsv6/tools/compiler/ti-cgt-msp430_4.4.4/lib/</path>
         <kind>archive</kind>
         <file>rts430x_lc_rd_eabi.lib</file>
         <name>divd.obj</name>
      </input_file>
      <input_file id="fl-cc">
         <path>/Applications/ti/ccsv6/tools/compiler/ti-cgt-msp430_4.4.4/lib/</path>
         <kind>archive</kind>
         <file>rts430x_lc_rd_eabi.lib</file>
         <name>fixdi.obj</name>
      </input_file>
      <input_file id="fl-cd">
         <path>/Applications/ti/ccsv6/tools/compiler/ti-cgt-msp430_4.4.4/lib/</path>
         <kind>archive</kind>
         <file>rts430x_lc_rd_eabi.lib</file>
         <name>fixdli.obj</name>
      </input_file>
      <input_file id="fl-ce">
         <path>/Applications/ti/ccsv6/tools/compiler/ti-cgt-msp430_4.4.4/lib/</path>
         <kind>archive</kind>
         <file>rts430x_lc_rd_eabi.lib</file>
         <name>fltid.obj</name>
      </input_file>
      <input_file id="fl-cf">
         <path>/Applications/ti/ccsv6/tools/compiler/ti-cgt-msp430_4.4.4/lib/</path>
         <kind>archive</kind>
         <file>rts430x_lc_rd_eabi.lib</file>
         <name>fltlid.obj</name>
      </input_file>
      <input_file id="fl-d0">
         <path>/Applications/ti/ccsv6/tools/compiler/ti-cgt-msp430_4.4.4/lib/</path>
         <kind>archive</kind>
         <file>rts430x_lc_rd_eabi.lib</file>
         <name>fputc.obj</name>
      </input_file>
      <input_file id="fl-d1">
         <path>/Applications/ti/ccsv6/tools/compiler/ti-cgt-msp430_4.4.4/lib/</path>
         <kind>archive</kind>
         <file>rts430x_lc_rd_eabi.lib</file>
         <name>frcdivd.obj</name>
      </input_file>
      <input_file id="fl-d2">
         <path>/Applications/ti/ccsv6/tools/compiler/ti-cgt-msp430_4.4.4/lib/</path>
         <kind>archive</kind>
         <file>rts430x_lc_rd_eabi.lib</file>
         <name>frcmpyd.obj</name>
      </input_file>
      <input_file id="fl-d3">
         <path>/Applications/ti/ccsv6/tools/compiler/ti-cgt-msp430_4.4.4/lib/</path>
         <kind>archive</kind>
         <file>rts430x_lc_rd_eabi.lib</file>
         <name>frexp.obj</name>
      </input_file>
      <input_file id="fl-d4">
         <path>/Applications/ti/ccsv6/tools/compiler/ti-cgt-msp430_4.4.4/lib/</path>
         <kind>archive</kind>
         <file>rts430x_lc_rd_eabi.lib</file>
         <name>fseek.obj</name>
      </input_file>
      <input_file id="fl-d5">
         <path>/Applications/ti/ccsv6/tools/compiler/ti-cgt-msp430_4.4.4/lib/</path>
         <kind>archive</kind>
         <file>rts430x_lc_rd_eabi.lib</file>
         <name>ldexp.obj</name>
      </input_file>
      <input_file id="fl-d6">
         <path>/Applications/ti/ccsv6/tools/compiler/ti-cgt-msp430_4.4.4/lib/</path>
         <kind>archive</kind>
         <file>rts430x_lc_rd_eabi.lib</file>
         <name>lsl64.obj</name>
      </input_file>
      <input_file id="fl-d7">
         <path>/Applications/ti/ccsv6/tools/compiler/ti-cgt-msp430_4.4.4/lib/</path>
         <kind>archive</kind>
         <file>rts430x_lc_rd_eabi.lib</file>
         <name>lsr64.obj</name>
      </input_file>
      <input_file id="fl-d8">
         <path>/Applications/ti/ccsv6/tools/compiler/ti-cgt-msp430_4.4.4/lib/</path>
         <kind>archive</kind>
         <file>rts430x_lc_rd_eabi.lib</file>
         <name>memccpy.obj</name>
      </input_file>
      <input_file id="fl-d9">
         <path>/Applications/ti/ccsv6/tools/compiler/ti-cgt-msp430_4.4.4/lib/</path>
         <kind>archive</kind>
         <file>rts430x_lc_rd_eabi.lib</file>
         <name>negd.obj</name>
      </input_file>
      <input_file id="fl-da">
         <path>/Applications/ti/ccsv6/tools/compiler/ti-cgt-msp430_4.4.4/lib/</path>
         <kind>archive</kind>
         <file>rts430x_lc_rd_eabi.lib</file>
         <name>setvbuf.obj</name>
      </input_file>
      <input_file id="fl-db">
         <path>/Applications/ti/ccsv6/tools/compiler/ti-cgt-msp430_4.4.4/lib/</path>
         <kind>archive</kind>
         <file>rts430x_lc_rd_eabi.lib</file>
         <name>strcpy.obj</name>
      </input_file>
      <input_file id="fl-dc">
         <path>/Applications/ti/ccsv6/tools/compiler/ti-cgt-msp430_4.4.4/lib/</path>
         <kind>archive</kind>
         <file>rts430x_lc_rd_eabi.lib</file>
         <name>subd.obj</name>
      </input_file>
      <input_file id="fl-dd">
         <path>/Applications/ti/ccsv6/tools/compiler/ti-cgt-msp430_4.4.4/lib/</path>
         <kind>archive</kind>
         <file>rts430x_lc_rd_eabi.lib</file>
         <name>toupper.obj</name>
      </input_file>
      <input_file id="fl-de">
         <path>/Applications/ti/ccsv6/tools/compiler/ti-cgt-msp430_4.4.4/lib/</path>
         <kind>archive</kind>
         <file>rts430x_lc_rd_eabi.lib</file>
         <name>xdclass.obj</name>
      </input_file>
      <input_file id="fl-df">
         <path>/Applications/ti/ccsv6/tools/compiler/ti-cgt-msp430_4.4.4/lib/</path>
         <kind>archive</kind>
         <file>rts430x_lc_rd_eabi.lib</file>
         <name>xdscale.obj</name>
      </input_file>
      <input_file id="fl-e0">
         <path>/Applications/ti/ccsv6/tools/compiler/ti-cgt-msp430_4.4.4/lib/</path>
         <kind>archive</kind>
         <file>rts430x_lc_rd_eabi.lib</file>
         <name>xdunscal.obj</name>
      </input_file>
      <input_file id="fl-e1">
         <path>/Applications/ti/ccsv6/tools/compiler/ti-cgt-msp430_4.4.4/lib/</path>
         <kind>archive</kind>
         <file>rts430x_lc_rd_eabi.lib</file>
         <name>xferaise.obj</name>
      </input_file>
      <input_file id="fl-e2">
         <path>/Applications/ti/ccsv6/tools/compiler/ti-cgt-msp430_4.4.4/lib/</path>
         <kind>archive</kind>
         <file>rts430x_lc_rd_eabi.lib</file>
         <name>xvalues.obj</name>
      </input_file>
      <input_file id="fl-e3">
         <path>/Applications/ti/ccsv6/tools/compiler/ti-cgt-msp430_4.4.4/lib/</path>
         <kind>archive</kind>
         <file>rts430x_lc_rd_eabi.lib</file>
         <name>addd.obj</name>
      </input_file>
      <input_file id="fl-e4">
         <path>/Applications/ti/ccsv6/tools/compiler/ti-cgt-msp430_4.4.4/lib/</path>
         <kind>archive</kind>
         <file>rts430x_lc_rd_eabi.lib</file>
         <name>errno.obj</name>
      </input_file>
      <input_file id="fl-e5">
         <path>/Applications/ti/ccsv6/tools/compiler/ti-cgt-msp430_4.4.4/lib/</path>
         <kind>archive</kind>
         <file>rts430x_lc_rd_eabi.lib</file>
         <name>feraiseexcept.obj</name>
      </input_file>
      <input_file id="fl-e6">
         <path>/Applications/ti/ccsv6/tools/compiler/ti-cgt-msp430_4.4.4/lib/</path>
         <kind>archive</kind>
         <file>rts430x_lc_rd_eabi.lib</file>
         <name>fopen.obj</name>
      </input_file>
      <input_file id="fl-e7">
         <path>/Applications/ti/ccsv6/tools/compiler/ti-cgt-msp430_4.4.4/lib/</path>
         <kind>archive</kind>
         <file>rts430x_lc_rd_eabi.lib</file>
         <name>frcaddd.obj</name>
      </input_file>
      <input_file id="fl-e8">
         <path>/Applications/ti/ccsv6/tools/compiler/ti-cgt-msp430_4.4.4/lib/</path>
         <kind>archive</kind>
         <file>rts430x_lc_rd_eabi.lib</file>
         <name>memory.obj</name>
      </input_file>
      <input_file id="fl-e9">
         <path>/Applications/ti/ccsv6/tools/compiler/ti-cgt-msp430_4.4.4/lib/</path>
         <kind>archive</kind>
         <file>rts430x_lc_rd_eabi.lib</file>
         <name>raise.obj</name>
      </input_file>
      <input_file id="fl-ea">
         <path>/Applications/ti/ccsv6/tools/compiler/ti-cgt-msp430_4.4.4/lib/</path>
         <kind>archive</kind>
         <file>rts430x_lc_rd_eabi.lib</file>
         <name>renormd.obj</name>
      </input_file>
      <input_file id="fl-eb">
         <path>/Applications/ti/ccsv6/tools/compiler/ti-cgt-msp430_4.4.4/lib/</path>
         <kind>archive</kind>
         <file>rts430x_lc_rd_eabi.lib</file>
         <name>signal.obj</name>
      </input_file>
      <input_file id="fl-ec">
         <path>/Applications/ti/ccsv6/tools/compiler/ti-cgt-msp430_4.4.4/lib/</path>
         <kind>archive</kind>
         <file>rts430x_lc_rd_eabi.lib</file>
         <name>xdnorm.obj</name>
      </input_file>
      <input_file id="fl-ed">
         <path>/Applications/ti/ccsv6/tools/compiler/ti-cgt-msp430_4.4.4/lib/</path>
         <kind>archive</kind>
         <file>rts430x_lc_rd_eabi.lib</file>
         <name>fclose.obj</name>
      </input_file>
      <input_file id="fl-ee">
         <path>/Applications/ti/ccsv6/tools/compiler/ti-cgt-msp430_4.4.4/lib/</path>
         <kind>archive</kind>
         <file>rts430x_lc_rd_eabi.lib</file>
         <name>remove.obj</name>
      </input_file>
   </input_file_list>
   <object_component_list>
      <object_component id="oc-643">
         <name>.common:packetSemaphore</name>
         <uninitialized>true</uninitialized>
         <run_address>0x29a0</run_address>
         <size>0x1</size>
      </object_component>
      <object_component id="oc-1a0">
         <name>.common:SysState</name>
         <uninitialized>true</uninitialized>
         <run_address>0x2998</run_address>
         <size>0x2</size>
      </object_component>
      <object_component id="oc-2b6">
         <name>.common:DynamicMemoryTable</name>
         <uninitialized>true</uninitialized>
         <run_address>0x27e8</run_address>
         <size>0xa4</size>
      </object_component>
      <object_component id="oc-2b7">
         <name>.common:Table_64bytes</name>
         <uninitialized>true</uninitialized>
         <run_address>0x2966</run_address>
         <size>0x6</size>
      </object_component>
      <object_component id="oc-2be">
         <name>.common:Table_32bytes</name>
         <uninitialized>true</uninitialized>
         <run_address>0x2960</run_address>
         <size>0x6</size>
      </object_component>
      <object_component id="oc-2bf">
         <name>.common:Table_30bytes</name>
         <uninitialized>true</uninitialized>
         <run_address>0x293c</run_address>
         <size>0xc</size>
      </object_component>
      <object_component id="oc-2c0">
         <name>.common:Table_8bytes</name>
         <uninitialized>true</uninitialized>
         <run_address>0x296c</run_address>
         <size>0x6</size>
      </object_component>
      <object_component id="oc-439">
         <name>.common:NonVRam</name>
         <uninitialized>true</uninitialized>
         <run_address>0x2972</run_address>
         <size>0x4</size>
      </object_component>
      <object_component id="oc-7df">
         <name>.common:b_Diff</name>
         <uninitialized>true</uninitialized>
         <run_address>0x299f</run_address>
         <size>0x1</size>
      </object_component>
      <object_component id="oc-69d">
         <name>.common:bit_index_in_frame</name>
         <uninitialized>true</uninitialized>
         <run_address>0x299a</run_address>
         <size>0x2</size>
      </object_component>
      <object_component id="oc-194">
         <name>.common:uart_tx_buf</name>
         <uninitialized>true</uninitialized>
         <run_address>0x2958</run_address>
         <size>0x8</size>
      </object_component>
      <object_component id="oc-17a">
         <name>.common:uart_rx_buf</name>
         <uninitialized>true</uninitialized>
         <run_address>0x2950</run_address>
         <size>0x8</size>
      </object_component>
      <object_component id="oc-193">
         <name>.common:rx_str_length</name>
         <uninitialized>true</uninitialized>
         <run_address>0x29a2</run_address>
         <size>0x1</size>
      </object_component>
      <object_component id="oc-192">
         <name>.common:rx_end_of_str</name>
         <uninitialized>true</uninitialized>
         <run_address>0x29a1</run_address>
         <size>0x1</size>
      </object_component>
      <object_component id="oc-599">
         <name>.common:ui32BspMclkSpeed</name>
         <uninitialized>true</uninitialized>
         <run_address>0x2992</run_address>
         <size>0x4</size>
      </object_component>
      <object_component id="oc-3bc">
         <name>.common:ui8BspKeyMode</name>
         <uninitialized>true</uninitialized>
         <run_address>0x29a3</run_address>
         <size>0x1</size>
      </object_component>
      <object_component id="oc-2f7">
         <name>.common:frame</name>
         <uninitialized>true</uninitialized>
         <run_address>0x297e</run_address>
         <size>0x4</size>
      </object_component>
      <object_component id="oc-2fa">
         <name>.common:sending_frame</name>
         <uninitialized>true</uninitialized>
         <run_address>0x2982</run_address>
         <size>0x4</size>
      </object_component>
      <object_component id="oc-2fe">
         <name>.common:TxFrequency</name>
         <uninitialized>true</uninitialized>
         <run_address>0x297a</run_address>
         <size>0x4</size>
      </object_component>
      <object_component id="oc-300">
         <name>.common:RxFrequency</name>
         <uninitialized>true</uninitialized>
         <run_address>0x2976</run_address>
         <size>0x4</size>
      </object_component>
      <object_component id="oc-301">
         <name>.common:TxRepeatNb</name>
         <uninitialized>true</uninitialized>
         <run_address>0x299e</run_address>
         <size>0x1</size>
      </object_component>
      <object_component id="oc-543">
         <name>.common:u32_Gfrequency</name>
         <uninitialized>true</uninitialized>
         <run_address>0x298e</run_address>
         <size>0x4</size>
      </object_component>
      <object_component id="oc-2ff">
         <name>.common:Std</name>
         <uninitialized>true</uninitialized>
         <run_address>0x2996</run_address>
         <size>0x2</size>
      </object_component>
      <object_component id="oc-62d">
         <name>.common:AES_IO</name>
         <uninitialized>true</uninitialized>
         <run_address>0x292c</run_address>
         <size>0x10</size>
      </object_component>
      <object_component id="oc-8b4">
         <name>.common:__TI_tmpnams</name>
         <uninitialized>true</uninitialized>
         <run_address>0x288c</run_address>
         <size>0xa0</size>
      </object_component>
      <object_component id="oc-8bd">
         <name>.common:parmbuf</name>
         <uninitialized>true</uninitialized>
         <run_address>0x2948</run_address>
         <size>0x8</size>
      </object_component>
      <object_component id="oc-7e8">
         <name>.common:sys_free</name>
         <uninitialized>true</uninitialized>
         <run_address>0x298a</run_address>
         <size>0x4</size>
      </object_component>
      <object_component id="oc-8ac">
         <name>.common:sys_base</name>
         <uninitialized>true</uninitialized>
         <run_address>0x2986</run_address>
         <size>0x4</size>
      </object_component>
      <object_component id="oc-8ab">
         <name>.common:memsize</name>
         <uninitialized>true</uninitialized>
         <run_address>0x299c</run_address>
         <size>0x2</size>
      </object_component>
      <object_component id="oc-d3">
         <name>.sysmem</name>
         <uninitialized>true</uninitialized>
         <run_address>0x29a4</run_address>
         <size>0x6</size>
         <input_file_ref idref="fl-e8"/>
      </object_component>
      <object_component id="oc-a9e">
         <name>.sysmem</name>
         <uninitialized>true</uninitialized>
         <run_address>0x29a4</run_address>
         <size>0x0</size>
      </object_component>
      <object_component id="oc-cf">
         <name>.stack</name>
         <uninitialized>true</uninitialized>
         <run_address>0x4360</run_address>
         <size>0x4</size>
         <input_file_ref idref="fl-7e"/>
      </object_component>
      <object_component id="oc-a9d">
         <name>.stack</name>
         <uninitialized>true</uninitialized>
         <run_address>0x4360</run_address>
         <size>0x0</size>
      </object_component>
      <object_component id="oc-21e">
         <name>.text:parseHostCmd</name>
         <load_address>0x10000</load_address>
         <run_address>0x10000</run_address>
         <size>0x1256</size>
         <input_file_ref idref="fl-35"/>
      </object_component>
      <object_component id="oc-7c3">
         <name>.text:aes_enc_dec</name>
         <load_address>0x11256</load_address>
         <run_address>0x11256</run_address>
         <size>0x716</size>
         <input_file_ref idref="fl-3d"/>
      </object_component>
      <object_component id="oc-907">
         <name>.text:__TI_frcdivd</name>
         <load_address>0x1196c</load_address>
         <run_address>0x1196c</run_address>
         <size>0x452</size>
         <input_file_ref idref="fl-d1"/>
      </object_component>
      <object_component id="oc-8e1">
         <name>.text:__mspabi_divull</name>
         <load_address>0x11dbe</load_address>
         <run_address>0x11dbe</run_address>
         <size>0x39a</size>
         <input_file_ref idref="fl-ca"/>
      </object_component>
      <object_component id="oc-877">
         <name>.text:__TI_frcmpyd</name>
         <load_address>0x12158</load_address>
         <run_address>0x12158</run_address>
         <size>0x2e4</size>
         <input_file_ref idref="fl-d2"/>
      </object_component>
      <object_component id="oc-964">
         <name>.text:__mspabi_addd</name>
         <load_address>0x1243c</load_address>
         <run_address>0x1243c</run_address>
         <size>0x2d8</size>
         <input_file_ref idref="fl-e3"/>
      </object_component>
      <object_component id="oc-765">
         <name>.text:__mspabi_mpyd</name>
         <load_address>0x12714</load_address>
         <run_address>0x12714</run_address>
         <size>0x282</size>
         <input_file_ref idref="fl-b0"/>
      </object_component>
      <object_component id="oc-491">
         <name>.text:_setfield</name>
         <load_address>0x12996</load_address>
         <run_address>0x12996</run_address>
         <size>0x262</size>
         <input_file_ref idref="fl-c2"/>
      </object_component>
      <object_component id="oc-9ad">
         <name>.text:__TI_frcaddd</name>
         <load_address>0x12bf8</load_address>
         <run_address>0x12bf8</run_address>
         <size>0x252</size>
         <input_file_ref idref="fl-e7"/>
      </object_component>
      <object_component id="oc-85a">
         <name>.text:__mspabi_divd</name>
         <load_address>0x12e4a</load_address>
         <run_address>0x12e4a</run_address>
         <size>0x222</size>
         <input_file_ref idref="fl-cb"/>
      </object_component>
      <object_component id="oc-5f5">
         <name>.text:_pproc_fgea</name>
         <load_address>0x1306c</load_address>
         <run_address>0x1306c</run_address>
         <size>0x218</size>
         <input_file_ref idref="fl-c2"/>
      </object_component>
      <object_component id="oc-83a">
         <name>.text:ecvt</name>
         <load_address>0x13284</load_address>
         <run_address>0x13284</run_address>
         <size>0x218</size>
         <input_file_ref idref="fl-c2"/>
      </object_component>
      <object_component id="oc-867">
         <name>.text:acvt</name>
         <load_address>0x1349c</load_address>
         <run_address>0x1349c</run_address>
         <size>0x212</size>
         <input_file_ref idref="fl-c2"/>
      </object_component>
      <object_component id="oc-3d9">
         <name>.text:change_frequency</name>
         <load_address>0x136ae</load_address>
         <run_address>0x136ae</run_address>
         <size>0x204</size>
         <input_file_ref idref="fl-47"/>
      </object_component>
      <object_component id="oc-34a">
         <name>.text:__TI_printfi</name>
         <load_address>0x138b2</load_address>
         <run_address>0x138b2</run_address>
         <size>0x202</size>
         <input_file_ref idref="fl-c2"/>
      </object_component>
      <object_component id="oc-84d">
         <name>.text:fcvt</name>
         <load_address>0x13ab4</load_address>
         <run_address>0x13ab4</run_address>
         <size>0x202</size>
         <input_file_ref idref="fl-c2"/>
      </object_component>
      <object_component id="oc-4d1">
         <name>.text:DecodeFrame</name>
         <load_address>0x13cb6</load_address>
         <run_address>0x13cb6</run_address>
         <size>0x1f4</size>
         <input_file_ref idref="fl-4c"/>
      </object_component>
      <object_component id="oc-382">
         <name>.text:SfxTxTestMode</name>
         <load_address>0x13eaa</load_address>
         <run_address>0x13eaa</run_address>
         <size>0x1d8</size>
         <input_file_ref idref="fl-47"/>
      </object_component>
      <object_component id="oc-13a">
         <name>.text:main</name>
         <load_address>0x14082</load_address>
         <run_address>0x14082</run_address>
         <size>0x1ca</size>
         <input_file_ref idref="fl-3e"/>
      </object_component>
      <object_component id="oc-3c4">
         <name>.text:MakeFrame</name>
         <load_address>0x1424c</load_address>
         <run_address>0x1424c</run_address>
         <size>0x1ba</size>
         <input_file_ref idref="fl-47"/>
      </object_component>
      <object_component id="oc-745">
         <name>.text:_pconv_e</name>
         <load_address>0x14406</load_address>
         <run_address>0x14406</run_address>
         <size>0x1a4</size>
         <input_file_ref idref="fl-c2"/>
      </object_component>
      <object_component id="oc-97b">
         <name>.text:_Dscale</name>
         <load_address>0x145aa</load_address>
         <run_address>0x145aa</run_address>
         <size>0x19e</size>
         <input_file_ref idref="fl-df"/>
      </object_component>
      <object_component id="oc-71a">
         <name>.text:_getarg_diouxp</name>
         <load_address>0x14748</load_address>
         <run_address>0x14748</run_address>
         <size>0x188</size>
         <input_file_ref idref="fl-c2"/>
      </object_component>
      <object_component id="oc-59c">
         <name>.text:bspMcuGetSystemClockSettings</name>
         <load_address>0x148d0</load_address>
         <run_address>0x148d0</run_address>
         <size>0x174</size>
         <input_file_ref idref="fl-3a"/>
      </object_component>
      <object_component id="oc-239">
         <name>.text:SfxSendFrame</name>
         <load_address>0x14a44</load_address>
         <run_address>0x14a44</run_address>
         <size>0x172</size>
         <input_file_ref idref="fl-47"/>
      </object_component>
      <object_component id="oc-74b">
         <name>.text:_pconv_a</name>
         <load_address>0x14bb6</load_address>
         <run_address>0x14bb6</run_address>
         <size>0x16e</size>
         <input_file_ref idref="fl-c2"/>
      </object_component>
      <object_component id="oc-3fd">
         <name>.text:OutOfBandFrame</name>
         <load_address>0x14d24</load_address>
         <run_address>0x14d24</run_address>
         <size>0x16a</size>
         <input_file_ref idref="fl-47"/>
      </object_component>
      <object_component id="oc-35c">
         <name>.text:SfxSendBit</name>
         <load_address>0x14e8e</load_address>
         <run_address>0x14e8e</run_address>
         <size>0x156</size>
         <input_file_ref idref="fl-47"/>
      </object_component>
      <object_component id="oc-5ef">
         <name>.text:_pproc_diouxp</name>
         <load_address>0x14fe4</load_address>
         <run_address>0x14fe4</run_address>
         <size>0x148</size>
         <input_file_ref idref="fl-c2"/>
      </object_component>
      <object_component id="oc-443">
         <name>.text:flash_write_wear_level</name>
         <load_address>0x1512c</load_address>
         <run_address>0x1512c</run_address>
         <size>0x144</size>
         <input_file_ref idref="fl-2f"/>
      </object_component>
      <object_component id="oc-6b4">
         <name>.text:RADIO_modulate</name>
         <load_address>0x15270</load_address>
         <run_address>0x15270</run_address>
         <size>0x134</size>
         <input_file_ref idref="fl-2d"/>
      </object_component>
      <object_component id="oc-1d5">
         <name>.text:SfxInit</name>
         <load_address>0x153a4</load_address>
         <run_address>0x153a4</run_address>
         <size>0x126</size>
         <input_file_ref idref="fl-47"/>
      </object_component>
      <object_component id="oc-615">
         <name>.text:RADIO_change_frequency</name>
         <load_address>0x154ca</load_address>
         <run_address>0x154ca</run_address>
         <size>0x11e</size>
         <input_file_ref idref="fl-2d"/>
      </object_component>
      <object_component id="oc-686">
         <name>.text:sfx_AES_128_cbc_encrypt</name>
         <load_address>0x155e8</load_address>
         <run_address>0x155e8</run_address>
         <size>0x110</size>
         <input_file_ref idref="fl-2"/>
      </object_component>
      <object_component id="oc-4e3">
         <name>.text:sfx_waitframe</name>
         <load_address>0x156f8</load_address>
         <run_address>0x156f8</run_address>
         <size>0x10e</size>
         <input_file_ref idref="fl-2"/>
      </object_component>
      <object_component id="oc-4dd">
         <name>.text:sfx_PrintRxTestResult</name>
         <load_address>0x15806</load_address>
         <run_address>0x15806</run_address>
         <size>0x10c</size>
         <input_file_ref idref="fl-2"/>
      </object_component>
      <object_component id="oc-971">
         <name>.text:_Dnorm</name>
         <load_address>0x15912</load_address>
         <run_address>0x15912</run_address>
         <size>0x100</size>
         <input_file_ref idref="fl-ec"/>
      </object_component>
      <object_component id="oc-739">
         <name>.text:_pconv_g</name>
         <load_address>0x15a12</load_address>
         <run_address>0x15a12</run_address>
         <size>0xfc</size>
         <input_file_ref idref="fl-c2"/>
      </object_component>
      <object_component id="oc-48b">
         <name>.text:_pproc_fwp</name>
         <load_address>0x15b0e</load_address>
         <run_address>0x15b0e</run_address>
         <size>0xfa</size>
         <input_file_ref idref="fl-c2"/>
      </object_component>
      <object_component id="oc-323">
         <name>.text:fputs</name>
         <load_address>0x15c08</load_address>
         <run_address>0x15c08</run_address>
         <size>0xf0</size>
         <input_file_ref idref="fl-90"/>
      </object_component>
      <object_component id="oc-3f7">
         <name>.text:ReceiveLoop</name>
         <load_address>0x15cf8</load_address>
         <run_address>0x15cf8</run_address>
         <size>0xee</size>
         <input_file_ref idref="fl-47"/>
      </object_component>
      <object_component id="oc-502">
         <name>.text:RADIO_init_chip</name>
         <load_address>0x15de6</load_address>
         <run_address>0x15de6</run_address>
         <size>0xec</size>
         <input_file_ref idref="fl-2d"/>
      </object_component>
      <object_component id="oc-5ca">
         <name>.text:setvbuf</name>
         <load_address>0x15ed2</load_address>
         <run_address>0x15ed2</run_address>
         <size>0xe0</size>
         <input_file_ref idref="fl-da"/>
      </object_component>
      <object_component id="oc-38d">
         <name>.text:SfxRxTestMode</name>
         <load_address>0x15fb2</load_address>
         <run_address>0x15fb2</run_address>
         <size>0xd8</size>
         <input_file_ref idref="fl-47"/>
      </object_component>
      <object_component id="oc-751">
         <name>.text:__mspabi_cmpd</name>
         <load_address>0x1608a</load_address>
         <run_address>0x1608a</run_address>
         <size>0xd8</size>
         <input_file_ref idref="fl-c8"/>
      </object_component>
      <object_component id="oc-1cf">
         <name>.text:resetCF</name>
         <load_address>0x16162</load_address>
         <run_address>0x16162</run_address>
         <size>0xc2</size>
         <input_file_ref idref="fl-3e"/>
      </object_component>
      <object_component id="oc-41c">
         <name>.text:bspSysClockSpeedSet</name>
         <load_address>0x16224</load_address>
         <run_address>0x16224</run_address>
         <size>0xc0</size>
         <input_file_ref idref="fl-3a"/>
      </object_component>
      <object_component id="oc-6e9">
         <name>.text:malloc</name>
         <load_address>0x162e4</load_address>
         <run_address>0x162e4</run_address>
         <size>0xba</size>
         <input_file_ref idref="fl-e8"/>
      </object_component>
      <object_component id="oc-2f1">
         <name>.text:sfx_malloc</name>
         <load_address>0x1639e</load_address>
         <run_address>0x1639e</run_address>
         <size>0xb4</size>
         <input_file_ref idref="fl-2"/>
      </object_component>
      <object_component id="oc-9dc">
         <name>.text:__TI_renormd</name>
         <load_address>0x16452</load_address>
         <run_address>0x16452</run_address>
         <size>0xb2</size>
         <input_file_ref idref="fl-ea"/>
      </object_component>
      <object_component id="oc-7ce">
         <name>.text:trxReadWriteBurstSingle</name>
         <load_address>0x16504</load_address>
         <run_address>0x16504</run_address>
         <size>0xae</size>
         <input_file_ref idref="fl-2c"/>
      </object_component>
      <object_component id="oc-43a">
         <name>.text:flash_read_wear_level</name>
         <load_address>0x165b2</load_address>
         <run_address>0x165b2</run_address>
         <size>0xaa</size>
         <input_file_ref idref="fl-2f"/>
      </object_component>
      <object_component id="oc-497">
         <name>.text:_pproc_str</name>
         <load_address>0x1665c</load_address>
         <run_address>0x1665c</run_address>
         <size>0xa8</size>
         <input_file_ref idref="fl-c2"/>
      </object_component>
      <object_component id="oc-4ee">
         <name>.text:sfx_free</name>
         <load_address>0x16704</load_address>
         <run_address>0x16704</run_address>
         <size>0xa4</size>
         <input_file_ref idref="fl-2"/>
      </object_component>
      <object_component id="oc-374">
         <name>.text:stringToData</name>
         <load_address>0x167a8</load_address>
         <run_address>0x167a8</run_address>
         <size>0xa0</size>
         <input_file_ref idref="fl-35"/>
      </object_component>
      <object_component id="oc-815">
         <name>.text:HOSTlseek</name>
         <load_address>0x16848</load_address>
         <run_address>0x16848</run_address>
         <size>0x9e</size>
         <input_file_ref idref="fl-be"/>
      </object_component>
      <object_component id="oc-720">
         <name>.text:_ltostr</name>
         <load_address>0x168e6</load_address>
         <run_address>0x168e6</run_address>
         <size>0x9e</size>
         <input_file_ref idref="fl-c2"/>
      </object_component>
      <object_component id="oc-3d3">
         <name>.text:ComputeScrambling</name>
         <load_address>0x16984</load_address>
         <run_address>0x16984</run_address>
         <size>0x9c</size>
         <input_file_ref idref="fl-49"/>
      </object_component>
      <object_component id="oc-8ea">
         <name>.text:__mspabi_fltlid</name>
         <load_address>0x16a20</load_address>
         <run_address>0x16a20</run_address>
         <size>0x94</size>
         <input_file_ref idref="fl-cf"/>
      </object_component>
      <object_component id="oc-840">
         <name>.text:_ecpy</name>
         <load_address>0x16ab4</load_address>
         <run_address>0x16ab4</run_address>
         <size>0x94</size>
         <input_file_ref idref="fl-c2"/>
      </object_component>
      <object_component id="oc-3df">
         <name>.text:sfx_send</name>
         <load_address>0x16b48</load_address>
         <run_address>0x16b48</run_address>
         <size>0x92</size>
         <input_file_ref idref="fl-2"/>
      </object_component>
      <object_component id="oc-846">
         <name>.text:_mcpy</name>
         <load_address>0x16bda</load_address>
         <run_address>0x16bda</run_address>
         <size>0x90</size>
         <input_file_ref idref="fl-c2"/>
      </object_component>
      <object_component id="oc-47e">
         <name>.text:fputc</name>
         <load_address>0x16c6a</load_address>
         <run_address>0x16c6a</run_address>
         <size>0x90</size>
         <input_file_ref idref="fl-d0"/>
      </object_component>
      <object_component id="oc-6e3">
         <name>.text:free</name>
         <load_address>0x16cfa</load_address>
         <run_address>0x16cfa</run_address>
         <size>0x8e</size>
         <input_file_ref idref="fl-e8"/>
      </object_component>
      <object_component id="oc-64f">
         <name>.text:free_memory_block</name>
         <load_address>0x16d88</load_address>
         <run_address>0x16d88</run_address>
         <size>0x8e</size>
         <input_file_ref idref="fl-2"/>
      </object_component>
      <object_component id="oc-4b6">
         <name>.text:hexToByte</name>
         <load_address>0x16e16</load_address>
         <run_address>0x16e16</run_address>
         <size>0x8e</size>
         <input_file_ref idref="fl-35"/>
      </object_component>
      <object_component id="oc-7af">
         <name>.text:halDigio2IntSetEdge</name>
         <load_address>0x16ea4</load_address>
         <run_address>0x16ea4</run_address>
         <size>0x8a</size>
         <input_file_ref idref="fl-38"/>
      </object_component>
      <object_component id="oc-82f">
         <name>.text:_div</name>
         <load_address>0x16f2e</load_address>
         <run_address>0x16f2e</run_address>
         <size>0x88</size>
         <input_file_ref idref="fl-c2"/>
      </object_component>
      <object_component id="oc-5b5">
         <name>.text:flash_write_data</name>
         <load_address>0x16fb6</load_address>
         <run_address>0x16fb6</run_address>
         <size>0x88</size>
         <input_file_ref idref="fl-2f"/>
      </object_component>
      <object_component id="oc-6c6">
         <name>.text:bspMcuSetVCoreUp</name>
         <load_address>0x1703e</load_address>
         <run_address>0x1703e</run_address>
         <size>0x86</size>
         <input_file_ref idref="fl-3a"/>
      </object_component>
      <object_component id="oc-917">
         <name>.text:ldexp</name>
         <load_address>0x170c4</load_address>
         <run_address>0x170c4</run_address>
         <size>0x86</size>
         <input_file_ref idref="fl-d5"/>
      </object_component>
      <object_component id="oc-551">
         <name>.text:cc112xSpiReadReg</name>
         <load_address>0x1714a</load_address>
         <run_address>0x1714a</run_address>
         <size>0x84</size>
         <input_file_ref idref="fl-37"/>
      </object_component>
      <object_component id="oc-65d">
         <name>.text:cc112xSpiWriteReg</name>
         <load_address>0x171ce</load_address>
         <run_address>0x171ce</run_address>
         <size>0x84</size>
         <input_file_ref idref="fl-37"/>
      </object_component>
      <object_component id="oc-508">
         <name>.text:RADIO_start_rf_carrier</name>
         <load_address>0x17252</load_address>
         <run_address>0x17252</run_address>
         <size>0x82</size>
         <input_file_ref idref="fl-2d"/>
      </object_component>
      <object_component id="oc-3a7">
         <name>.text:ltoa</name>
         <load_address>0x172d4</load_address>
         <run_address>0x172d4</run_address>
         <size>0x80</size>
         <input_file_ref idref="fl-ab"/>
      </object_component>
      <object_component id="oc-44e">
         <name>.text:__TI_wrt_ok</name>
         <load_address>0x17354</load_address>
         <run_address>0x17354</run_address>
         <size>0x7e</size>
         <input_file_ref idref="fl-c0"/>
      </object_component>
      <object_component id="oc-51d">
         <name>.text:ComputeAES</name>
         <load_address>0x173d2</load_address>
         <run_address>0x173d2</run_address>
         <size>0x7c</size>
         <input_file_ref idref="fl-48"/>
      </object_component>
      <object_component id="oc-224">
         <name>.text:bspKeyPushed</name>
         <load_address>0x1744e</load_address>
         <run_address>0x1744e</run_address>
         <size>0x7c</size>
         <input_file_ref idref="fl-3b"/>
      </object_component>
      <object_component id="oc-73f">
         <name>.text:_pconv_f</name>
         <load_address>0x174ca</load_address>
         <run_address>0x174ca</run_address>
         <size>0x78</size>
         <input_file_ref idref="fl-c2"/>
      </object_component>
      <object_component id="oc-771">
         <name>.text:__mspabi_fltuld</name>
         <load_address>0x17542</load_address>
         <run_address>0x17542</run_address>
         <size>0x76</size>
         <input_file_ref idref="fl-8f"/>
      </object_component>
      <object_component id="oc-5bb">
         <name>.text:flash_erase_segment</name>
         <load_address>0x175b8</load_address>
         <run_address>0x175b8</run_address>
         <size>0x76</size>
         <input_file_ref idref="fl-2f"/>
      </object_component>
      <object_component id="oc-7a9">
         <name>.text:halDigio2IntConnect</name>
         <load_address>0x1762e</load_address>
         <run_address>0x1762e</run_address>
         <size>0x76</size>
         <input_file_ref idref="fl-38"/>
      </object_component>
      <object_component id="oc-821">
         <name>.text:HOSTrename</name>
         <load_address>0x176a4</load_address>
         <run_address>0x176a4</run_address>
         <size>0x74</size>
         <input_file_ref idref="fl-be"/>
      </object_component>
      <object_component id="oc-90f">
         <name>.text:_Dunscale</name>
         <load_address>0x17718</load_address>
         <run_address>0x17718</run_address>
         <size>0x72</size>
         <input_file_ref idref="fl-e0"/>
      </object_component>
      <object_component id="oc-393">
         <name>.text:byteToHex</name>
         <load_address>0x1778a</load_address>
         <run_address>0x1778a</run_address>
         <size>0x72</size>
         <input_file_ref idref="fl-35"/>
      </object_component>
      <object_component id="oc-50f">
         <name>.text:RADIO_stop_rf_carrier</name>
         <load_address>0x177fc</load_address>
         <run_address>0x177fc</run_address>
         <size>0x70</size>
         <input_file_ref idref="fl-2d"/>
      </object_component>
      <object_component id="oc-7f4">
         <name>.text:__TI_closefile</name>
         <load_address>0x1786c</load_address>
         <run_address>0x1786c</run_address>
         <size>0x70</size>
         <input_file_ref idref="fl-ed"/>
      </object_component>
      <object_component id="oc-7fd">
         <name>.text:HOSTopen</name>
         <load_address>0x178dc</load_address>
         <run_address>0x178dc</run_address>
         <size>0x6e</size>
         <input_file_ref idref="fl-be"/>
      </object_component>
      <object_component id="oc-2da">
         <name>.text:halUartInit</name>
         <load_address>0x1794a</load_address>
         <run_address>0x1794a</run_address>
         <size>0x6e</size>
         <input_file_ref idref="fl-36"/>
      </object_component>
      <object_component id="oc-120">
         <name>.text:_auto_init_hold_wdt</name>
         <load_address>0x179b8</load_address>
         <run_address>0x179b8</run_address>
         <size>0x6c</size>
         <input_file_ref idref="fl-c7"/>
      </object_component>
      <object_component id="oc-80f">
         <name>.text:HOSTwrite</name>
         <load_address>0x17a24</load_address>
         <run_address>0x17a24</run_address>
         <size>0x6a</size>
         <input_file_ref idref="fl-be"/>
      </object_component>
      <object_component id="oc-627">
         <name>.text:decode_bch</name>
         <load_address>0x17a8e</load_address>
         <run_address>0x17a8e</run_address>
         <size>0x6a</size>
         <input_file_ref idref="fl-4d"/>
      </object_component>
      <object_component id="oc-5c4">
         <name>.text:fseek</name>
         <load_address>0x17af8</load_address>
         <run_address>0x17af8</run_address>
         <size>0x6a</size>
         <input_file_ref idref="fl-d4"/>
      </object_component>
      <object_component id="oc-6a6">
         <name>.text:trx16BitRegAccess</name>
         <load_address>0x17b62</load_address>
         <run_address>0x17b62</run_address>
         <size>0x6a</size>
         <input_file_ref idref="fl-2c"/>
      </object_component>
      <object_component id="oc-809">
         <name>.text:HOSTread</name>
         <load_address>0x17bcc</load_address>
         <run_address>0x17bcc</run_address>
         <size>0x68</size>
         <input_file_ref idref="fl-be"/>
      </object_component>
      <object_component id="oc-e3">
         <name>.text:__TI_decompress_rle_core</name>
         <load_address>0x17c34</load_address>
         <run_address>0x17c34</run_address>
         <size>0x68</size>
         <input_file_ref idref="fl-81"/>
      </object_component>
      <object_component id="oc-76b">
         <name>.text:__mspabi_fixdul</name>
         <load_address>0x17c9c</load_address>
         <run_address>0x17c9c</run_address>
         <size>0x68</size>
         <input_file_ref idref="fl-8d"/>
      </object_component>
      <object_component id="oc-8fc">
         <name>.text:__mspabi_fixdli</name>
         <load_address>0x17d04</load_address>
         <run_address>0x17d04</run_address>
         <size>0x66</size>
         <input_file_ref idref="fl-cd"/>
      </object_component>
      <object_component id="oc-460">
         <name>.text:__TI_doflush</name>
         <load_address>0x17d6a</load_address>
         <run_address>0x17d6a</run_address>
         <size>0x64</size>
         <input_file_ref idref="fl-8c"/>
      </object_component>
      <object_component id="oc-2b8">
         <name>.text:memory_block_init</name>
         <load_address>0x17dce</load_address>
         <run_address>0x17dce</run_address>
         <size>0x64</size>
         <input_file_ref idref="fl-3e"/>
      </object_component>
      <object_component id="oc-5e7">
         <name>.text:atoi</name>
         <load_address>0x17e32</load_address>
         <run_address>0x17e32</run_address>
         <size>0x62</size>
         <input_file_ref idref="fl-c6"/>
      </object_component>
      <object_component id="oc-3eb">
         <name>.text:sfx_delay</name>
         <load_address>0x17e94</load_address>
         <run_address>0x17e94</run_address>
         <size>0x62</size>
         <input_file_ref idref="fl-2"/>
      </object_component>
      <object_component id="oc-579">
         <name>.text:Switch_frequency</name>
         <load_address>0x17ef6</load_address>
         <run_address>0x17ef6</run_address>
         <size>0x60</size>
         <input_file_ref idref="fl-47"/>
      </object_component>
      <object_component id="oc-5ad">
         <name>.text:flash_read_data</name>
         <load_address>0x17f56</load_address>
         <run_address>0x17f56</run_address>
         <size>0x60</size>
         <input_file_ref idref="fl-2f"/>
      </object_component>
      <object_component id="oc-1f4">
         <name>.text:GPIO_setAsInputPin</name>
         <load_address>0x17fb6</load_address>
         <run_address>0x17fb6</run_address>
         <size>0x5e</size>
         <input_file_ref idref="fl-11"/>
      </object_component>
      <object_component id="oc-308">
         <name>.text:Next_Pn11</name>
         <load_address>0x18014</load_address>
         <run_address>0x18014</run_address>
         <size>0x5c</size>
         <input_file_ref idref="fl-4a"/>
      </object_component>
      <object_component id="oc-30e">
         <name>.text:Next_Pn9</name>
         <load_address>0x18070</load_address>
         <run_address>0x18070</run_address>
         <size>0x5c</size>
         <input_file_ref idref="fl-4a"/>
      </object_component>
      <object_component id="oc-8ae">
         <name>.text:close</name>
         <load_address>0x180cc</load_address>
         <run_address>0x180cc</run_address>
         <size>0x5a</size>
         <input_file_ref idref="fl-a6"/>
      </object_component>
      <object_component id="oc-946">
         <name>.text:getdevice</name>
         <load_address>0x18126</load_address>
         <run_address>0x18126</run_address>
         <size>0x5a</size>
         <input_file_ref idref="fl-a6"/>
      </object_component>
      <object_component id="oc-329">
         <name>.text:fflush</name>
         <load_address>0x18180</load_address>
         <run_address>0x18180</run_address>
         <size>0x58</size>
         <input_file_ref idref="fl-8c"/>
      </object_component>
      <object_component id="oc-1c9">
         <name>.text:initMCU</name>
         <load_address>0x181d8</load_address>
         <run_address>0x181d8</run_address>
         <size>0x58</size>
         <input_file_ref idref="fl-3e"/>
      </object_component>
      <object_component id="oc-53b">
         <name>.text</name>
         <load_address>0x18230</load_address>
         <run_address>0x18230</run_address>
         <size>0x58</size>
         <input_file_ref idref="fl-89"/>
      </object_component>
      <object_component id="oc-6a0">
         <name>.text:trx8BitRegAccess</name>
         <load_address>0x18288</load_address>
         <run_address>0x18288</run_address>
         <size>0x58</size>
         <input_file_ref idref="fl-2c"/>
      </object_component>
      <object_component id="oc-88a">
         <name>.text:halDigio2IntClear</name>
         <load_address>0x182e0</load_address>
         <run_address>0x182e0</run_address>
         <size>0x52</size>
         <input_file_ref idref="fl-38"/>
      </object_component>
      <object_component id="oc-7b6">
         <name>.text:halDigio2IntEnable</name>
         <load_address>0x18332</load_address>
         <run_address>0x18332</run_address>
         <size>0x52</size>
         <input_file_ref idref="fl-38"/>
      </object_component>
      <object_component id="oc-72d">
         <name>.text:_Dclass</name>
         <load_address>0x18384</load_address>
         <run_address>0x18384</run_address>
         <size>0x50</size>
         <input_file_ref idref="fl-de"/>
      </object_component>
      <object_component id="oc-369">
         <name>.text:dataToString</name>
         <load_address>0x183d4</load_address>
         <run_address>0x183d4</run_address>
         <size>0x50</size>
         <input_file_ref idref="fl-35"/>
      </object_component>
      <object_component id="oc-1e2">
         <name>.text:GPIO_setAsOutputPin</name>
         <load_address>0x18424</load_address>
         <run_address>0x18424</run_address>
         <size>0x4e</size>
         <input_file_ref idref="fl-11"/>
      </object_component>
      <object_component id="oc-853">
[...]
         <object_component_ref idref="oc-61d"/>
      </symbol>
      <symbol id="sm-dad">
         <name>__mspabi_slll</name>
         <value>0x194f0</value>
         <object_component_ref idref="oc-622"/>
      </symbol>
      <symbol id="sm-dae">
         <name>__mspabi_slll_15</name>
         <value>0x18a0c</value>
         <object_component_ref idref="oc-61d"/>
      </symbol>
      <symbol id="sm-daf">
         <name>__mspabi_slll_14</name>
         <value>0x18a10</value>
         <object_component_ref idref="oc-61d"/>
      </symbol>
      <symbol id="sm-db0">
         <name>__mspabi_slll_13</name>
         <value>0x18a14</value>
         <object_component_ref idref="oc-61d"/>
      </symbol>
      <symbol id="sm-db1">
         <name>__mspabi_slll_12</name>
         <value>0x18a18</value>
         <object_component_ref idref="oc-61d"/>
      </symbol>
      <symbol id="sm-db2">
         <name>__mspabi_slll_11</name>
         <value>0x18a1c</value>
         <object_component_ref idref="oc-61d"/>
      </symbol>
      <symbol id="sm-db3">
         <name>__mspabi_slll_10</name>
         <value>0x18a20</value>
         <object_component_ref idref="oc-61d"/>
      </symbol>
      <symbol id="sm-dbc">
         <name>__mspabi_srli</name>
         <value>0x195a2</value>
         <object_component_ref idref="oc-77f"/>
      </symbol>
      <symbol id="sm-dcc">
         <name>__mspabi_srll_8</name>
         <value>0x18a66</value>
         <object_component_ref idref="oc-777"/>
      </symbol>
      <symbol id="sm-dcd">
         <name>__mspabi_srll_9</name>
         <value>0x18a62</value>
         <object_component_ref idref="oc-777"/>
      </symbol>
      <symbol id="sm-dce">
         <name>__mspabi_srll_6</name>
         <value>0x18a6e</value>
         <object_component_ref idref="oc-777"/>
      </symbol>
      <symbol id="sm-dcf">
         <name>__mspabi_srll_7</name>
         <value>0x18a6a</value>
         <object_component_ref idref="oc-777"/>
      </symbol>
      <symbol id="sm-dd0">
         <name>__mspabi_srll_4</name>
         <value>0x18a76</value>
         <object_component_ref idref="oc-777"/>
      </symbol>
      <symbol id="sm-dd1">
         <name>__mspabi_srll_5</name>
         <value>0x18a72</value>
         <object_component_ref idref="oc-777"/>
      </symbol>
      <symbol id="sm-dd2">
         <name>__mspabi_srll_2</name>
         <value>0x18a7e</value>
         <object_component_ref idref="oc-777"/>
      </symbol>
      <symbol id="sm-dd3">
         <name>__mspabi_srll_3</name>
         <value>0x18a7a</value>
         <object_component_ref idref="oc-777"/>
      </symbol>
      <symbol id="sm-dd4">
         <name>__mspabi_srll_1</name>
         <value>0x18a82</value>
         <object_component_ref idref="oc-777"/>
      </symbol>
      <symbol id="sm-dd5">
         <name>__mspabi_srll_15</name>
         <value>0x18a4a</value>
         <object_component_ref idref="oc-777"/>
      </symbol>
      <symbol id="sm-dd6">
         <name>__mspabi_srll_14</name>
         <value>0x18a4e</value>
         <object_component_ref idref="oc-777"/>
      </symbol>
      <symbol id="sm-dd7">
         <name>__mspabi_srll_13</name>
         <value>0x18a52</value>
         <object_component_ref idref="oc-777"/>
      </symbol>
      <symbol id="sm-dd8">
         <name>__mspabi_srll_12</name>
         <value>0x18a56</value>
         <object_component_ref idref="oc-777"/>
      </symbol>
      <symbol id="sm-dd9">
         <name>__mspabi_srll_11</name>
         <value>0x18a5a</value>
         <object_component_ref idref="oc-777"/>
      </symbol>
      <symbol id="sm-dda">
         <name>__mspabi_srll_10</name>
         <value>0x18a5e</value>
         <object_component_ref idref="oc-777"/>
      </symbol>
      <symbol id="sm-ddb">
         <name>__mspabi_srll</name>
         <value>0x19500</value>
         <object_component_ref idref="oc-39c"/>
      </symbol>
      <symbol id="sm-dea">
         <name>ltoa</name>
         <value>0x172d4</value>
         <object_component_ref idref="oc-3a7"/>
      </symbol>
      <symbol id="sm-df9">
         <name>memchr</name>
         <value>0x19412</value>
         <object_component_ref idref="oc-45a"/>
      </symbol>
      <symbol id="sm-e07">
         <name>memcpy</name>
         <value>0x19496</value>
         <object_component_ref idref="oc-d6"/>
      </symbol>
      <symbol id="sm-e15">
         <name>memset</name>
         <value>0x19428</value>
         <object_component_ref idref="oc-356"/>
      </symbol>
      <symbol id="sm-e36">
         <name>__mspabi_mpyd</name>
         <value>0x12714</value>
         <object_component_ref idref="oc-765"/>
      </symbol>
      <symbol id="sm-e4c">
         <name>__mspabi_mpyi_f5hw</name>
         <value>0x19454</value>
         <object_component_ref idref="oc-388"/>
      </symbol>
      <symbol id="sm-e6e">
         <name>__mspabi_mpyl_f5hw</name>
         <value>0x192a4</value>
         <object_component_ref idref="oc-37d"/>
      </symbol>
      <symbol id="sm-e84">
         <name>_system_pre_init</name>
         <value>0x195ea</value>
         <object_component_ref idref="oc-11a"/>
      </symbol>
      <symbol id="sm-ea2">
         <name>printf</name>
         <value>0x185a4</value>
         <object_component_ref idref="oc-200"/>
      </symbol>
      <symbol id="sm-eb1">
         <name>strchr</name>
         <value>0x19342</value>
         <object_component_ref idref="oc-989"/>
      </symbol>
      <symbol id="sm-ebf">
         <name>strcmp</name>
         <value>0x1935e</value>
         <object_component_ref idref="oc-9d0"/>
      </symbol>
      <symbol id="sm-ecc">
         <name>strlen</name>
         <value>0x1953e</value>
         <object_component_ref idref="oc-454"/>
      </symbol>
      <symbol id="sm-edc">
         <name>strncpy</name>
         <value>0x18fa6</value>
         <object_component_ref idref="oc-995"/>
      </symbol>
      <symbol id="sm-f17">
         <name>HOSTrename</name>
         <value>0x176a4</value>
         <object_component_ref idref="oc-821"/>
      </symbol>
      <symbol id="sm-f18">
         <name>HOSTclose</name>
         <value>0x184c0</value>
         <object_component_ref idref="oc-803"/>
      </symbol>
      <symbol id="sm-f19">
         <name>HOSTunlink</name>
         <value>0x1867e</value>
         <object_component_ref idref="oc-81b"/>
      </symbol>
      <symbol id="sm-f1a">
         <name>HOSTlseek</name>
         <value>0x16848</value>
         <object_component_ref idref="oc-815"/>
      </symbol>
      <symbol id="sm-f1b">
         <name>HOSTopen</name>
         <value>0x178dc</value>
         <object_component_ref idref="oc-7fd"/>
      </symbol>
      <symbol id="sm-f1c">
         <name>HOSTwrite</name>
         <value>0x17a24</value>
         <object_component_ref idref="oc-80f"/>
      </symbol>
      <symbol id="sm-f1d">
         <name>HOSTread</name>
         <value>0x17bcc</value>
         <object_component_ref idref="oc-809"/>
      </symbol>
      <symbol id="sm-f3b">
         <name>__TI_readmsg</name>
         <value>0x18e7a</value>
         <object_component_ref idref="oc-8c6"/>
      </symbol>
      <symbol id="sm-f3c">
         <name>C$$IO$$</name>
         <value>0x18d70</value>
         <object_component_ref idref="oc-8c0"/>
      </symbol>
      <symbol id="sm-f3d">
         <name>_CIOBUF_</name>
         <value>0x2ae4</value>
         <object_component_ref idref="oc-951"/>
      </symbol>
      <symbol id="sm-f3e">
         <name>__TI_writemsg</name>
         <value>0x18d3e</value>
         <object_component_ref idref="oc-8c0"/>
      </symbol>
      <symbol id="sm-f56">
         <name>__TI_wrt_ok</name>
         <value>0x17354</value>
         <object_component_ref idref="oc-44e"/>
      </symbol>
      <symbol id="sm-f6c">
         <name>_nop</name>
         <value>0x195f2</value>
         <object_component_ref idref="oc-2a4"/>
      </symbol>
      <symbol id="sm-f6d">
         <name>_lock</name>
         <value>0x27d2</value>
         <object_component_ref idref="oc-1b4"/>
      </symbol>
      <symbol id="sm-f6e">
         <name>_unlock</name>
         <value>0x27d6</value>
         <object_component_ref idref="oc-1bd"/>
      </symbol>
      <symbol id="sm-1137">
         <name>__TI_printfi</name>
         <value>0x138b2</value>
         <object_component_ref idref="oc-34a"/>
      </symbol>
      <symbol id="sm-1141">
         <name>abs</name>
         <value>0x19584</value>
         <object_component_ref idref="oc-4fa"/>
      </symbol>
      <symbol id="sm-1153">
         <name>__mspabi_sral</name>
         <value>0x194e0</value>
         <object_component_ref idref="oc-9d7"/>
      </symbol>
      <symbol id="sm-1154">
         <name>__mspabi_sral_15</name>
         <value>0x189ce</value>
         <object_component_ref idref="oc-930"/>
      </symbol>
      <symbol id="sm-1155">
         <name>__mspabi_sral_14</name>
         <value>0x189d2</value>
         <object_component_ref idref="oc-930"/>
      </symbol>
      <symbol id="sm-1156">
         <name>__mspabi_sral_13</name>
         <value>0x189d6</value>
         <object_component_ref idref="oc-930"/>
      </symbol>
      <symbol id="sm-1157">
         <name>__mspabi_sral_12</name>
         <value>0x189da</value>
         <object_component_ref idref="oc-930"/>
      </symbol>
      <symbol id="sm-1158">
         <name>__mspabi_sral_11</name>
         <value>0x189de</value>
         <object_component_ref idref="oc-930"/>
      </symbol>
      <symbol id="sm-1159">
         <name>__mspabi_sral_10</name>
         <value>0x189e2</value>
         <object_component_ref idref="oc-930"/>
      </symbol>
      <symbol id="sm-115a">
         <name>__mspabi_sral_8</name>
         <value>0x189ea</value>
         <object_component_ref idref="oc-930"/>
      </symbol>
      <symbol id="sm-115b">
         <name>__mspabi_sral_9</name>
         <value>0x189e6</value>
         <object_component_ref idref="oc-930"/>
      </symbol>
      <symbol id="sm-115c">
         <name>__mspabi_sral_6</name>
         <value>0x189f2</value>
         <object_component_ref idref="oc-930"/>
      </symbol>
      <symbol id="sm-115d">
         <name>__mspabi_sral_7</name>
         <value>0x189ee</value>
         <object_component_ref idref="oc-930"/>
      </symbol>
      <symbol id="sm-115e">
         <name>__mspabi_sral_4</name>
         <value>0x189fa</value>
         <object_component_ref idref="oc-930"/>
      </symbol>
      <symbol id="sm-115f">
         <name>__mspabi_sral_5</name>
         <value>0x189f6</value>
         <object_component_ref idref="oc-930"/>
      </symbol>
      <symbol id="sm-1160">
         <name>__mspabi_sral_2</name>
         <value>0x18a02</value>
         <object_component_ref idref="oc-930"/>
      </symbol>
      <symbol id="sm-1161">
         <name>__mspabi_sral_3</name>
         <value>0x189fe</value>
         <object_component_ref idref="oc-930"/>
      </symbol>
      <symbol id="sm-1162">
         <name>__mspabi_sral_1</name>
         <value>0x18a06</value>
         <object_component_ref idref="oc-930"/>
      </symbol>
      <symbol id="sm-1175">
         <name>atoi</name>
         <value>0x17e32</value>
         <object_component_ref idref="oc-5e7"/>
      </symbol>
      <symbol id="sm-1191">
         <name>_auto_init_hold_wdt</name>
         <value>0x179b8</value>
         <object_component_ref idref="oc-120"/>
      </symbol>
      <symbol id="sm-11ab">
         <name>__mspabi_cmpd</name>
         <value>0x1608a</value>
         <object_component_ref idref="oc-751"/>
      </symbol>
      <symbol id="sm-11b5">
         <name>_ctypes_</name>
         <value>0x458c</value>
         <object_component_ref idref="oc-715"/>
      </symbol>
      <symbol id="sm-11e7">
         <name>__mspabi_divull</name>
         <value>0x11dbe</value>
         <object_component_ref idref="oc-8e1"/>
      </symbol>
      <symbol id="sm-1208">
         <name>__mspabi_divd</name>
         <value>0x12e4a</value>
         <object_component_ref idref="oc-85a"/>
      </symbol>
      <symbol id="sm-1215">
         <name>__mspabi_fixdi</name>
         <value>0x191a2</value>
         <object_component_ref idref="oc-8f6"/>
      </symbol>
      <symbol id="sm-1224">
         <name>__mspabi_fixdli</name>
         <value>0x17d04</value>
         <object_component_ref idref="oc-8fc"/>
      </symbol>
      <symbol id="sm-122d">
         <name>__mspabi_fltid</name>
         <value>0x19558</value>
         <object_component_ref idref="oc-929"/>
      </symbol>
      <symbol id="sm-1245">
         <name>__mspabi_fltlid</name>
         <value>0x16a20</value>
         <object_component_ref idref="oc-8ea"/>
      </symbol>
      <symbol id="sm-1258">
         <name>putc</name>
         <value>0x16c6a</value>
         <object_component_ref idref="oc-47e"/>
      </symbol>
      <symbol id="sm-1259">
         <name>fputc</name>
         <value>0x16c6a</value>
         <object_component_ref idref="oc-47e"/>
      </symbol>
      <symbol id="sm-1274">
         <name>__TI_frcdivd</name>
         <value>0x1196c</value>
         <object_component_ref idref="oc-907"/>
      </symbol>
      <symbol id="sm-1285">
         <name>__TI_frcmpyd</name>
         <value>0x12158</value>
         <object_component_ref idref="oc-877"/>
      </symbol>
      <symbol id="sm-1291">
         <name>frexp</name>
         <value>0x18792</value>
         <object_component_ref idref="oc-861"/>
      </symbol>
      <symbol id="sm-12a1">
         <name>fseek</name>
         <value>0x17af8</value>
         <object_component_ref idref="oc-5c4"/>
      </symbol>
      <symbol id="sm-12b1">
         <name>ldexp</name>
         <value>0x170c4</value>
         <object_component_ref idref="oc-917"/>
      </symbol>
      <symbol id="sm-12be">
         <name>__mspabi_sllll</name>
         <value>0x18b78</value>
         <object_component_ref idref="oc-95a"/>
      </symbol>
      <symbol id="sm-12cb">
         <name>__mspabi_srlll</name>
         <value>0x18bb2</value>
         <object_component_ref idref="oc-8db"/>
      </symbol>
      <symbol id="sm-12da">
         <name>memccpy</name>
         <value>0x19324</value>
         <object_component_ref idref="oc-5fb"/>
      </symbol>
      <symbol id="sm-12e3">
         <name>__mspabi_negd</name>
         <value>0x1903a</value>
         <object_component_ref idref="oc-733"/>
      </symbol>
      <symbol id="sm-12fb">
         <name>setvbuf</name>
         <value>0x15ed2</value>
         <object_component_ref idref="oc-5ca"/>
      </symbol>
      <symbol id="sm-1308">
         <name>strcpy</name>
         <value>0x194bc</value>
         <object_component_ref idref="oc-8d2"/>
      </symbol>
      <symbol id="sm-1311">
         <name>__mspabi_subd</name>
         <value>0x18eac</value>
         <object_component_ref idref="oc-8f0"/>
      </symbol>
      <symbol id="sm-131e">
         <name>toupper</name>
         <value>0x194ce</value>
         <object_component_ref idref="oc-727"/>
      </symbol>
      <symbol id="sm-132c">
         <name>_Dclass</name>
         <value>0x18384</value>
         <object_component_ref idref="oc-72d"/>
      </symbol>
      <symbol id="sm-1350">
         <name>_Dscale</name>
         <value>0x145aa</value>
         <object_component_ref idref="oc-97b"/>
      </symbol>
      <symbol id="sm-1362">
         <name>_Dunscale</name>
         <value>0x17718</value>
         <object_component_ref idref="oc-90f"/>
      </symbol>
      <symbol id="sm-136e">
         <name>_Feraise</name>
         <value>0x18cd2</value>
         <object_component_ref idref="oc-981"/>
      </symbol>
      <symbol id="sm-1375">
         <name>_Rteps</name>
         <value>0x25d8</value>
         <object_component_ref idref="oc-9bb"/>
      </symbol>
      <symbol id="sm-1376">
         <name>_Zero</name>
         <value>0x25f0</value>
         <object_component_ref idref="oc-9bb"/>
      </symbol>
      <symbol id="sm-1377">
         <name>_Hugeval</name>
         <value>0x2598</value>
         <object_component_ref idref="oc-9bb"/>
      </symbol>
      <symbol id="sm-1378">
         <name>_Snan</name>
         <value>0x25c8</value>
         <object_component_ref idref="oc-9bb"/>
      </symbol>
      <symbol id="sm-1379">
         <name>_Nan</name>
         <value>0x25b8</value>
         <object_component_ref idref="oc-9bb"/>
      </symbol>
      <symbol id="sm-137a">
         <name>_Inf</name>
         <value>0x25a8</value>
         <object_component_ref idref="oc-9bb"/>
      </symbol>
      <symbol id="sm-137b">
         <name>_Xbig</name>
         <value>0x25e8</value>
         <object_component_ref idref="oc-9bb"/>
      </symbol>
      <symbol id="sm-137c">
         <name>_Eps</name>
         <value>0x2588</value>
         <object_component_ref idref="oc-9bb"/>
      </symbol>
      <symbol id="sm-137d">
         <name>_Denorm</name>
         <value>0x2578</value>
         <object_component_ref idref="oc-9bb"/>
      </symbol>
      <symbol id="sm-139f">
         <name>__mspabi_addd</name>
         <value>0x1243c</value>
         <object_component_ref idref="oc-964"/>
      </symbol>
      <symbol id="sm-13a6">
         <name>_Errno</name>
         <value>0x27e4</value>
         <object_component_ref idref="oc-9c6"/>
      </symbol>
      <symbol id="sm-13be">
         <name>feraiseexcept</name>
         <value>0x18e12</value>
         <object_component_ref idref="oc-9c0"/>
      </symbol>
      <symbol id="sm-13bf">
         <name>_Tls_setup__Fenv</name>
         <value>0x27c0</value>
         <object_component_ref idref="oc-9f1"/>
      </symbol>
      <symbol id="sm-13c0">
         <name>_Fenv</name>
         <value>0x27bc</value>
         <object_component_ref idref="oc-9f1"/>
      </symbol>
      <symbol id="sm-13cc">
         <name>__TI_cleanup</name>
         <value>0x18d08</value>
         <object_component_ref idref="oc-6ef"/>
      </symbol>
      <symbol id="sm-13ed">
         <name>__TI_frcaddd</name>
         <value>0x12bf8</value>
         <object_component_ref idref="oc-9ad"/>
      </symbol>
      <symbol id="sm-1438">
         <name>_sys_memory</name>
         <value>0x29a4</value>
         <object_component_ref idref="oc-d3"/>
      </symbol>
      <symbol id="sm-1439">
         <name>free</name>
         <value>0x16cfa</value>
         <object_component_ref idref="oc-6e3"/>
      </symbol>
      <symbol id="sm-143a">
         <name>malloc</name>
         <value>0x162e4</value>
         <object_component_ref idref="oc-6e9"/>
      </symbol>
      <symbol id="sm-143b">
         <name>minit</name>
         <value>0x187d4</value>
         <object_component_ref idref="oc-7ed"/>
      </symbol>
      <symbol id="sm-144f">
         <name>raise</name>
         <value>0x18f10</value>
         <object_component_ref idref="oc-9f4"/>
      </symbol>
      <symbol id="sm-1463">
         <name>__TI_renormd</name>
         <value>0x16452</value>
         <object_component_ref idref="oc-9dc"/>
      </symbol>
      <symbol id="sm-1478">
         <name>signal</name>
         <value>0x18c9a</value>
         <object_component_ref idref="oc-a10"/>
      </symbol>
      <symbol id="sm-148b">
         <name>_Dnorm</name>
         <value>0x15912</value>
         <object_component_ref idref="oc-971"/>
      </symbol>
      <symbol id="sm-149c">
         <name>__TI_closefile</name>
         <value>0x1786c</value>
         <object_component_ref idref="oc-7f4"/>
      </symbol>
      <symbol id="sm-149f">
         <name>__TI_INITARRAY_Base</name>
         <value>0x0</value>
      </symbol>
      <symbol id="sm-14a0">
         <name>__TI_INITARRAY_Limit</name>
         <value>0x0</value>
      </symbol>
      <symbol id="sm-14a1">
         <name>remove</name>
         <value>0x1900a</value>
      </symbol>
   </symbol_table>
   <title>Link successful</title>
</link_info>
